TimeQuest Timing Analyzer report for Lab2_redux
Thu Feb 16 18:57:50 2017
Quartus II 64-Bit Version 13.0.1 Build 232 06/12/2013 Service Pack 1 SJ Full Version


---------------------
; Table of Contents ;
---------------------
  1. Legal Notice
  2. TimeQuest Timing Analyzer Summary
  3. Parallel Compilation
  4. Clocks
  5. Slow Model Fmax Summary
  6. Slow Model Setup Summary
  7. Slow Model Hold Summary
  8. Slow Model Recovery Summary
  9. Slow Model Removal Summary
 10. Slow Model Minimum Pulse Width Summary
 11. Propagation Delay
 12. Minimum Propagation Delay
 13. Fast Model Setup Summary
 14. Fast Model Hold Summary
 15. Fast Model Recovery Summary
 16. Fast Model Removal Summary
 17. Fast Model Minimum Pulse Width Summary
 18. Propagation Delay
 19. Minimum Propagation Delay
 20. Multicorner Timing Analysis Summary
 21. Progagation Delay
 22. Minimum Progagation Delay
 23. Clock Transfers
 24. Report TCCS
 25. Report RSKM
 26. Unconstrained Paths
 27. TimeQuest Timing Analyzer Messages



----------------
; Legal Notice ;
----------------
Copyright (C) 1991-2013 Altera Corporation
Your use of Altera Corporation's design tools, logic functions 
and other software and tools, and its AMPP partner logic 
functions, and any output files from any of the foregoing 
(including device programming or simulation files), and any 
associated documentation or information are expressly subject 
to the terms and conditions of the Altera Program License 
Subscription Agreement, Altera MegaCore Function License 
Agreement, or other applicable license agreement, including, 
without limitation, that your use is for the sole purpose of 
programming logic devices manufactured by Altera and sold by 
Altera or its authorized distributors.  Please refer to the 
applicable agreement for further details.



+-----------------------------------------------------------------------------------------+
; TimeQuest Timing Analyzer Summary                                                       ;
+--------------------+--------------------------------------------------------------------+
; Quartus II Version ; Version 13.0.1 Build 232 06/12/2013 Service Pack 1 SJ Full Version ;
; Revision Name      ; Lab2_redux                                                         ;
; Device Family      ; Cyclone II                                                         ;
; Device Name        ; EP2C35F672C6                                                       ;
; Timing Models      ; Final                                                              ;
; Delay Model        ; Combined                                                           ;
; Rise/Fall Delays   ; Unavailable                                                        ;
+--------------------+--------------------------------------------------------------------+


+------------------------------------------+
; Parallel Compilation                     ;
+----------------------------+-------------+
; Processors                 ; Number      ;
+----------------------------+-------------+
; Number detected on machine ; 4           ;
; Maximum allowed            ; 4           ;
;                            ;             ;
; Average used               ; 1.00        ;
; Maximum used               ; 1           ;
;                            ;             ;
; Usage by Processor         ; % Time Used ;
;     Processor 1            ; 100.0%      ;
;     Processors 2-4         ;   0.0%      ;
+----------------------------+-------------+


----------
; Clocks ;
----------
No clocks to report.


---------------------------
; Slow Model Fmax Summary ;
---------------------------
No paths to report.


----------------------------
; Slow Model Setup Summary ;
----------------------------
No paths to report.


---------------------------
; Slow Model Hold Summary ;
---------------------------
No paths to report.


-------------------------------
; Slow Model Recovery Summary ;
-------------------------------
No paths to report.


------------------------------
; Slow Model Removal Summary ;
------------------------------
No paths to report.


------------------------------------------
; Slow Model Minimum Pulse Width Summary ;
------------------------------------------
No paths to report.


+--------------------------------------------------------------+
; Propagation Delay                                            ;
+------------+-------------+--------+--------+--------+--------+
; Input Port ; Output Port ; RR     ; RF     ; FR     ; FF     ;
+------------+-------------+--------+--------+--------+--------+
; A0         ; 0H0         ; 10.374 ; 10.374 ; 10.374 ; 10.374 ;
; A0         ; 0H1         ; 10.335 ; 10.335 ; 10.335 ; 10.335 ;
; A0         ; 0H2         ; 10.346 ; 10.346 ; 10.346 ; 10.346 ;
; A0         ; 0H3         ; 10.120 ; 10.120 ; 10.120 ; 10.120 ;
; A0         ; 0H4         ; 10.118 ; 10.118 ; 10.118 ; 10.118 ;
; A0         ; 0H5         ; 10.106 ; 10.106 ; 10.106 ; 10.106 ;
; A0         ; 0H6         ; 10.095 ; 10.095 ; 10.095 ; 10.095 ;
; A0         ; 1H1         ; 12.799 ; 12.799 ; 12.799 ; 12.799 ;
; A0         ; 1H2         ; 12.354 ; 12.354 ; 12.354 ; 12.354 ;
; A0         ; 6H0         ; 6.852  ; 6.852  ; 6.852  ; 6.852  ;
; A0         ; 6H1         ; 6.860  ; 6.860  ; 6.860  ; 6.860  ;
; A0         ; 6H2         ;        ; 6.819  ; 6.819  ;        ;
; A0         ; 6H3         ; 7.408  ; 7.408  ; 7.408  ; 7.408  ;
; A0         ; 6H4         ; 7.369  ;        ;        ; 7.369  ;
; A0         ; 6H5         ; 7.380  ;        ;        ; 7.380  ;
; A0         ; 6H6         ; 7.399  ;        ;        ; 7.399  ;
; A0         ; LED         ; 9.389  ;        ;        ; 9.389  ;
; A0         ; Q0          ; 8.063  ; 8.063  ; 8.063  ; 8.063  ;
; A0         ; Q1          ; 8.846  ; 8.846  ; 8.846  ; 8.846  ;
; A0         ; Q2          ; 8.884  ; 8.884  ; 8.884  ; 8.884  ;
; A0         ; Q3          ; 9.329  ; 9.329  ; 9.329  ; 9.329  ;
; A1         ; 0H0         ; 10.344 ; 10.344 ; 10.344 ; 10.344 ;
; A1         ; 0H1         ; 10.305 ; 10.305 ; 10.305 ; 10.305 ;
; A1         ; 0H2         ; 10.316 ; 10.316 ; 10.316 ; 10.316 ;
; A1         ; 0H3         ; 10.090 ; 10.090 ; 10.090 ; 10.090 ;
; A1         ; 0H4         ; 10.088 ; 10.088 ; 10.088 ; 10.088 ;
; A1         ; 0H5         ; 10.076 ; 10.076 ; 10.076 ; 10.076 ;
; A1         ; 0H6         ; 10.065 ; 10.065 ; 10.065 ; 10.065 ;
; A1         ; 1H1         ; 12.769 ; 12.769 ; 12.769 ; 12.769 ;
; A1         ; 1H2         ; 12.324 ; 12.324 ; 12.324 ; 12.324 ;
; A1         ; 6H0         ; 6.993  ; 6.993  ; 6.993  ; 6.993  ;
; A1         ; 6H1         ; 6.985  ; 6.985  ; 6.985  ; 6.985  ;
; A1         ; 6H2         ; 6.990  ; 6.990  ; 6.990  ; 6.990  ;
; A1         ; 6H3         ; 7.533  ; 7.533  ; 7.533  ; 7.533  ;
; A1         ; 6H4         ; 7.525  ; 7.525  ; 7.525  ; 7.525  ;
; A1         ; 6H5         ; 7.507  ; 7.507  ; 7.507  ; 7.507  ;
; A1         ; 6H6         ; 7.525  ; 7.525  ; 7.525  ; 7.525  ;
; A1         ; 7H1         ;        ; 7.423  ; 7.423  ;        ;
; A1         ; 7H2         ;        ; 7.393  ; 7.393  ;        ;
; A1         ; LED         ; 9.359  ;        ;        ; 9.359  ;
; A1         ; Q1          ; 8.501  ; 8.501  ; 8.501  ; 8.501  ;
; A1         ; Q2          ; 8.854  ; 8.854  ; 8.854  ; 8.854  ;
; A1         ; Q3          ; 9.299  ; 9.299  ; 9.299  ; 9.299  ;
; A2         ; 0H0         ; 10.277 ; 10.277 ; 10.277 ; 10.277 ;
; A2         ; 0H1         ; 10.238 ; 10.238 ; 10.238 ; 10.238 ;
; A2         ; 0H2         ; 10.249 ; 10.249 ; 10.249 ; 10.249 ;
; A2         ; 0H3         ; 10.023 ; 10.023 ; 10.023 ; 10.023 ;
; A2         ; 0H4         ; 10.021 ; 10.021 ; 10.021 ; 10.021 ;
; A2         ; 0H5         ; 10.009 ; 10.009 ; 10.009 ; 10.009 ;
; A2         ; 0H6         ; 9.998  ; 9.998  ; 9.998  ; 9.998  ;
; A2         ; 1H1         ; 12.702 ; 12.702 ; 12.702 ; 12.702 ;
; A2         ; 1H2         ; 12.257 ; 12.257 ; 12.257 ; 12.257 ;
; A2         ; 6H0         ; 6.742  ; 6.742  ; 6.742  ; 6.742  ;
; A2         ; 6H1         ; 6.735  ;        ;        ; 6.735  ;
; A2         ; 6H2         ; 6.737  ; 6.737  ; 6.737  ; 6.737  ;
; A2         ; 6H3         ; 7.284  ; 7.284  ; 7.284  ; 7.284  ;
; A2         ; 6H4         ; 7.274  ;        ;        ; 7.274  ;
; A2         ; 6H5         ; 7.256  ; 7.256  ; 7.256  ; 7.256  ;
; A2         ; 6H6         ; 7.277  ; 7.277  ; 7.277  ; 7.277  ;
; A2         ; 7H1         ;        ; 7.311  ; 7.311  ;        ;
; A2         ; 7H2         ;        ; 7.281  ; 7.281  ;        ;
; A2         ; LED         ; 9.292  ;        ;        ; 9.292  ;
; A2         ; Q2          ; 8.475  ; 8.475  ; 8.475  ; 8.475  ;
; A2         ; Q3          ; 9.232  ; 9.232  ; 9.232  ; 9.232  ;
; A3         ; 0H0         ; 9.606  ; 9.606  ; 9.606  ; 9.606  ;
; A3         ; 0H1         ; 9.567  ; 9.567  ; 9.567  ; 9.567  ;
; A3         ; 0H2         ; 9.578  ; 9.578  ; 9.578  ; 9.578  ;
; A3         ; 0H3         ; 9.352  ; 9.352  ; 9.352  ; 9.352  ;
; A3         ; 0H4         ; 9.350  ; 9.350  ; 9.350  ; 9.350  ;
; A3         ; 0H5         ; 9.338  ; 9.338  ; 9.338  ; 9.338  ;
; A3         ; 0H6         ; 9.327  ; 9.327  ; 9.327  ; 9.327  ;
; A3         ; 1H1         ; 12.031 ; 12.031 ; 12.031 ; 12.031 ;
; A3         ; 1H2         ; 11.586 ; 11.586 ; 11.586 ; 11.586 ;
; A3         ; 6H0         ; 6.792  ; 6.792  ; 6.792  ; 6.792  ;
; A3         ; 6H1         ; 6.782  ; 6.782  ; 6.782  ; 6.782  ;
; A3         ; 6H2         ; 6.789  ; 6.789  ; 6.789  ; 6.789  ;
; A3         ; 6H3         ; 7.333  ; 7.333  ; 7.333  ; 7.333  ;
; A3         ; 6H4         ; 7.325  ; 7.325  ; 7.325  ; 7.325  ;
; A3         ; 6H5         ; 7.306  ; 7.306  ; 7.306  ; 7.306  ;
; A3         ; 6H6         ; 7.328  ; 7.328  ; 7.328  ; 7.328  ;
; A3         ; 7H1         ;        ; 7.362  ; 7.362  ;        ;
; A3         ; 7H2         ;        ; 7.332  ; 7.332  ;        ;
; A3         ; LED         ; 8.936  ;        ;        ; 8.936  ;
; A3         ; Q3          ; 8.561  ; 8.561  ; 8.561  ; 8.561  ;
; B0         ; 0H0         ; 10.111 ; 10.111 ; 10.111 ; 10.111 ;
; B0         ; 0H1         ; 10.072 ; 10.072 ; 10.072 ; 10.072 ;
; B0         ; 0H2         ; 10.083 ; 10.083 ; 10.083 ; 10.083 ;
; B0         ; 0H3         ; 9.857  ; 9.857  ; 9.857  ; 9.857  ;
; B0         ; 0H4         ; 9.855  ; 9.855  ; 9.855  ; 9.855  ;
; B0         ; 0H5         ; 9.843  ; 9.843  ; 9.843  ; 9.843  ;
; B0         ; 0H6         ; 9.832  ; 9.832  ; 9.832  ; 9.832  ;
; B0         ; 1H1         ; 12.536 ; 12.536 ; 12.536 ; 12.536 ;
; B0         ; 1H2         ; 12.091 ; 12.091 ; 12.091 ; 12.091 ;
; B0         ; 4H0         ; 7.862  ; 7.862  ; 7.862  ; 7.862  ;
; B0         ; 4H1         ; 7.597  ; 7.597  ; 7.597  ; 7.597  ;
; B0         ; 4H2         ;        ; 7.445  ; 7.445  ;        ;
; B0         ; 4H3         ; 7.741  ; 7.741  ; 7.741  ; 7.741  ;
; B0         ; 4H4         ; 7.741  ;        ;        ; 7.741  ;
; B0         ; 4H5         ; 8.388  ;        ;        ; 8.388  ;
; B0         ; 4H6         ; 7.062  ;        ;        ; 7.062  ;
; B0         ; LED         ; 9.126  ;        ;        ; 9.126  ;
; B0         ; Q0          ; 7.796  ; 7.796  ; 7.796  ; 7.796  ;
; B0         ; Q1          ; 8.583  ; 8.583  ; 8.583  ; 8.583  ;
; B0         ; Q2          ; 8.621  ; 8.621  ; 8.621  ; 8.621  ;
; B0         ; Q3          ; 9.066  ; 9.066  ; 9.066  ; 9.066  ;
; B1         ; 0H0         ; 10.259 ; 10.259 ; 10.259 ; 10.259 ;
; B1         ; 0H1         ; 10.220 ; 10.220 ; 10.220 ; 10.220 ;
; B1         ; 0H2         ; 10.231 ; 10.231 ; 10.231 ; 10.231 ;
; B1         ; 0H3         ; 10.005 ; 10.005 ; 10.005 ; 10.005 ;
; B1         ; 0H4         ; 10.003 ; 10.003 ; 10.003 ; 10.003 ;
; B1         ; 0H5         ; 9.991  ; 9.991  ; 9.991  ; 9.991  ;
; B1         ; 0H6         ; 9.980  ; 9.980  ; 9.980  ; 9.980  ;
; B1         ; 1H1         ; 12.684 ; 12.684 ; 12.684 ; 12.684 ;
; B1         ; 1H2         ; 12.239 ; 12.239 ; 12.239 ; 12.239 ;
; B1         ; 4H0         ; 8.494  ; 8.494  ; 8.494  ; 8.494  ;
; B1         ; 4H1         ; 8.230  ; 8.230  ; 8.230  ; 8.230  ;
; B1         ; 4H2         ; 8.078  ; 8.078  ; 8.078  ; 8.078  ;
; B1         ; 4H3         ; 8.378  ; 8.378  ; 8.378  ; 8.378  ;
; B1         ; 4H4         ; 8.374  ; 8.374  ; 8.374  ; 8.374  ;
; B1         ; 4H5         ; 9.021  ; 9.021  ; 9.021  ; 9.021  ;
; B1         ; 4H6         ; 7.695  ; 7.695  ; 7.695  ; 7.695  ;
; B1         ; 5H1         ;        ; 8.189  ; 8.189  ;        ;
; B1         ; 5H2         ;        ; 8.189  ; 8.189  ;        ;
; B1         ; LED         ; 9.274  ;        ;        ; 9.274  ;
; B1         ; Q1          ; 8.415  ; 8.415  ; 8.415  ; 8.415  ;
; B1         ; Q2          ; 8.769  ; 8.769  ; 8.769  ; 8.769  ;
; B1         ; Q3          ; 9.214  ; 9.214  ; 9.214  ; 9.214  ;
; B2         ; 0H0         ; 9.844  ; 9.844  ; 9.844  ; 9.844  ;
; B2         ; 0H1         ; 9.805  ; 9.805  ; 9.805  ; 9.805  ;
; B2         ; 0H2         ; 9.816  ; 9.816  ; 9.816  ; 9.816  ;
; B2         ; 0H3         ; 9.590  ; 9.590  ; 9.590  ; 9.590  ;
; B2         ; 0H4         ; 9.588  ; 9.588  ; 9.588  ; 9.588  ;
; B2         ; 0H5         ; 9.576  ; 9.576  ; 9.576  ; 9.576  ;
; B2         ; 0H6         ; 9.565  ; 9.565  ; 9.565  ; 9.565  ;
; B2         ; 1H1         ; 12.269 ; 12.269 ; 12.269 ; 12.269 ;
; B2         ; 1H2         ; 11.824 ; 11.824 ; 11.824 ; 11.824 ;
; B2         ; 4H0         ; 7.893  ; 7.893  ; 7.893  ; 7.893  ;
; B2         ; 4H1         ; 7.620  ;        ;        ; 7.620  ;
; B2         ; 4H2         ; 7.456  ; 7.456  ; 7.456  ; 7.456  ;
; B2         ; 4H3         ; 7.778  ; 7.778  ; 7.778  ; 7.778  ;
; B2         ; 4H4         ; 7.757  ;        ;        ; 7.757  ;
; B2         ; 4H5         ; 8.419  ; 8.419  ; 8.419  ; 8.419  ;
; B2         ; 4H6         ; 7.088  ; 7.088  ; 7.088  ; 7.088  ;
; B2         ; 5H1         ;        ; 7.890  ; 7.890  ;        ;
; B2         ; 5H2         ;        ; 7.890  ; 7.890  ;        ;
; B2         ; LED         ; 8.859  ;        ;        ; 8.859  ;
; B2         ; Q2          ; 8.039  ; 8.039  ; 8.039  ; 8.039  ;
; B2         ; Q3          ; 8.799  ; 8.799  ; 8.799  ; 8.799  ;
; B3         ; 0H0         ; 9.965  ; 9.965  ; 9.965  ; 9.965  ;
; B3         ; 0H1         ; 9.926  ; 9.926  ; 9.926  ; 9.926  ;
; B3         ; 0H2         ; 9.937  ; 9.937  ; 9.937  ; 9.937  ;
; B3         ; 0H3         ; 9.711  ; 9.711  ; 9.711  ; 9.711  ;
; B3         ; 0H4         ; 9.709  ; 9.709  ; 9.709  ; 9.709  ;
; B3         ; 0H5         ; 9.697  ; 9.697  ; 9.697  ; 9.697  ;
; B3         ; 0H6         ; 9.686  ; 9.686  ; 9.686  ; 9.686  ;
; B3         ; 1H1         ; 12.390 ; 12.390 ; 12.390 ; 12.390 ;
; B3         ; 1H2         ; 11.945 ; 11.945 ; 11.945 ; 11.945 ;
; B3         ; 4H0         ; 8.555  ; 8.555  ; 8.555  ; 8.555  ;
; B3         ; 4H1         ; 8.290  ; 8.290  ; 8.290  ; 8.290  ;
; B3         ; 4H2         ; 8.139  ; 8.139  ; 8.139  ; 8.139  ;
; B3         ; 4H3         ; 8.439  ; 8.439  ; 8.439  ; 8.439  ;
; B3         ; 4H4         ; 8.438  ; 8.438  ; 8.438  ; 8.438  ;
; B3         ; 4H5         ; 9.076  ; 9.076  ; 9.076  ; 9.076  ;
; B3         ; 4H6         ; 7.755  ; 7.755  ; 7.755  ; 7.755  ;
; B3         ; 5H1         ;        ; 8.555  ; 8.555  ;        ;
; B3         ; 5H2         ;        ; 8.555  ; 8.555  ;        ;
; B3         ; LED         ; 9.296  ;        ;        ; 9.296  ;
; B3         ; Q3          ; 8.920  ; 8.920  ; 8.920  ; 8.920  ;
+------------+-------------+--------+--------+--------+--------+


+--------------------------------------------------------------+
; Minimum Propagation Delay                                    ;
+------------+-------------+--------+--------+--------+--------+
; Input Port ; Output Port ; RR     ; RF     ; FR     ; FF     ;
+------------+-------------+--------+--------+--------+--------+
; A0         ; 0H0         ; 8.829  ; 8.829  ; 8.829  ; 8.829  ;
; A0         ; 0H1         ; 8.792  ; 8.792  ; 8.792  ; 8.792  ;
; A0         ; 0H2         ; 8.797  ; 8.797  ; 8.797  ; 8.797  ;
; A0         ; 0H3         ; 8.572  ; 8.572  ; 8.572  ; 8.572  ;
; A0         ; 0H4         ; 8.526  ; 8.526  ; 8.526  ; 8.526  ;
; A0         ; 0H5         ; 8.557  ; 8.557  ; 8.557  ; 8.557  ;
; A0         ; 0H6         ; 8.563  ; 8.563  ; 8.563  ; 8.563  ;
; A0         ; 1H1         ; 11.374 ; 11.374 ; 11.374 ; 11.374 ;
; A0         ; 1H2         ; 10.929 ; 10.929 ; 10.929 ; 10.929 ;
; A0         ; 6H0         ; 6.852  ; 6.852  ; 6.852  ; 6.852  ;
; A0         ; 6H1         ; 6.860  ; 6.860  ; 6.860  ; 6.860  ;
; A0         ; 6H2         ;        ; 6.819  ; 6.819  ;        ;
; A0         ; 6H3         ; 7.408  ; 7.408  ; 7.408  ; 7.408  ;
; A0         ; 6H4         ; 7.369  ;        ;        ; 7.369  ;
; A0         ; 6H5         ; 7.380  ;        ;        ; 7.380  ;
; A0         ; 6H6         ; 7.399  ;        ;        ; 7.399  ;
; A0         ; LED         ; 9.389  ;        ;        ; 9.389  ;
; A0         ; Q0          ; 8.063  ; 8.063  ; 8.063  ; 8.063  ;
; A0         ; Q1          ; 8.846  ; 8.846  ; 8.846  ; 8.846  ;
; A0         ; Q2          ; 8.884  ; 8.884  ; 8.884  ; 8.884  ;
; A0         ; Q3          ; 9.329  ; 9.329  ; 9.329  ; 9.329  ;
; A1         ; 0H0         ; 8.856  ; 8.856  ; 8.856  ; 8.856  ;
; A1         ; 0H1         ; 8.819  ; 8.819  ; 8.819  ; 8.819  ;
; A1         ; 0H2         ; 8.824  ; 8.824  ; 8.824  ; 8.824  ;
; A1         ; 0H3         ; 8.600  ; 8.600  ; 8.600  ; 8.600  ;
; A1         ; 0H4         ; 8.590  ; 8.590  ; 8.590  ; 8.590  ;
; A1         ; 0H5         ; 8.577  ; 8.577  ; 8.577  ; 8.577  ;
; A1         ; 0H6         ; 8.591  ; 8.591  ; 8.591  ; 8.591  ;
; A1         ; 1H1         ; 11.300 ; 11.300 ; 11.300 ; 11.300 ;
; A1         ; 1H2         ; 10.855 ; 10.855 ; 10.855 ; 10.855 ;
; A1         ; 6H0         ; 6.993  ; 6.993  ; 6.993  ; 6.993  ;
; A1         ; 6H1         ; 6.985  ; 6.985  ; 6.985  ; 6.985  ;
; A1         ; 6H2         ; 6.990  ; 6.990  ; 6.990  ; 6.990  ;
; A1         ; 6H3         ; 7.533  ; 7.533  ; 7.533  ; 7.533  ;
; A1         ; 6H4         ; 7.525  ; 7.525  ; 7.525  ; 7.525  ;
; A1         ; 6H5         ; 7.507  ; 7.507  ; 7.507  ; 7.507  ;
; A1         ; 6H6         ; 7.525  ; 7.525  ; 7.525  ; 7.525  ;
; A1         ; 7H1         ;        ; 7.423  ; 7.423  ;        ;
; A1         ; 7H2         ;        ; 7.393  ; 7.393  ;        ;
; A1         ; LED         ; 9.359  ;        ;        ; 9.359  ;
; A1         ; Q1          ; 8.501  ; 8.501  ; 8.501  ; 8.501  ;
; A1         ; Q2          ; 8.854  ; 8.854  ; 8.854  ; 8.854  ;
; A1         ; Q3          ; 9.299  ; 9.299  ; 9.299  ; 9.299  ;
; A2         ; 0H0         ; 8.517  ; 8.517  ; 8.517  ; 8.517  ;
; A2         ; 0H1         ; 8.480  ; 8.480  ; 8.480  ; 8.480  ;
; A2         ; 0H2         ; 8.487  ; 8.487  ; 8.487  ; 8.487  ;
; A2         ; 0H3         ; 8.261  ; 8.261  ; 8.261  ; 8.261  ;
; A2         ; 0H4         ; 8.260  ; 8.260  ; 8.260  ; 8.260  ;
; A2         ; 0H5         ; 8.248  ; 8.248  ; 8.248  ; 8.248  ;
; A2         ; 0H6         ; 8.255  ; 8.255  ; 8.255  ; 8.255  ;
; A2         ; 1H1         ; 10.965 ; 10.965 ; 10.965 ; 10.965 ;
; A2         ; 1H2         ; 10.520 ; 10.520 ; 10.520 ; 10.520 ;
; A2         ; 6H0         ; 6.742  ; 6.742  ; 6.742  ; 6.742  ;
; A2         ; 6H1         ; 6.735  ;        ;        ; 6.735  ;
; A2         ; 6H2         ; 6.737  ; 6.737  ; 6.737  ; 6.737  ;
; A2         ; 6H3         ; 7.284  ; 7.284  ; 7.284  ; 7.284  ;
; A2         ; 6H4         ; 7.274  ;        ;        ; 7.274  ;
; A2         ; 6H5         ; 7.256  ; 7.256  ; 7.256  ; 7.256  ;
; A2         ; 6H6         ; 7.277  ; 7.277  ; 7.277  ; 7.277  ;
; A2         ; 7H1         ;        ; 7.311  ; 7.311  ;        ;
; A2         ; 7H2         ;        ; 7.281  ; 7.281  ;        ;
; A2         ; LED         ; 9.292  ;        ;        ; 9.292  ;
; A2         ; Q2          ; 8.475  ; 8.475  ; 8.475  ; 8.475  ;
; A2         ; Q3          ; 9.232  ; 9.232  ; 9.232  ; 9.232  ;
; A3         ; 0H0         ; 9.606  ; 9.606  ; 9.606  ; 9.606  ;
; A3         ; 0H1         ; 9.567  ; 9.567  ; 9.567  ; 9.567  ;
; A3         ; 0H2         ; 9.578  ; 9.578  ; 9.578  ; 9.578  ;
; A3         ; 0H3         ; 9.352  ; 9.352  ; 9.352  ; 9.352  ;
; A3         ; 0H4         ; 9.350  ; 9.350  ; 9.350  ; 9.350  ;
; A3         ; 0H5         ; 9.338  ; 9.338  ; 9.338  ; 9.338  ;
; A3         ; 0H6         ; 9.327  ; 9.327  ; 9.327  ; 9.327  ;
; A3         ; 1H1         ; 12.031 ; 12.031 ; 12.031 ; 12.031 ;
; A3         ; 1H2         ; 11.586 ; 11.586 ; 11.586 ; 11.586 ;
; A3         ; 6H0         ; 6.792  ; 6.792  ; 6.792  ; 6.792  ;
; A3         ; 6H1         ; 6.782  ; 6.782  ; 6.782  ; 6.782  ;
; A3         ; 6H2         ; 6.789  ; 6.789  ; 6.789  ; 6.789  ;
; A3         ; 6H3         ; 7.333  ; 7.333  ; 7.333  ; 7.333  ;
; A3         ; 6H4         ; 7.325  ; 7.325  ; 7.325  ; 7.325  ;
; A3         ; 6H5         ; 7.306  ; 7.306  ; 7.306  ; 7.306  ;
; A3         ; 6H6         ; 7.328  ; 7.328  ; 7.328  ; 7.328  ;
; A3         ; 7H1         ;        ; 7.362  ; 7.362  ;        ;
; A3         ; 7H2         ;        ; 7.332  ; 7.332  ;        ;
; A3         ; LED         ; 8.936  ;        ;        ; 8.936  ;
; A3         ; Q3          ; 8.561  ; 8.561  ; 8.561  ; 8.561  ;
; B0         ; 0H0         ; 8.562  ; 8.562  ; 8.562  ; 8.562  ;
; B0         ; 0H1         ; 8.525  ; 8.525  ; 8.525  ; 8.525  ;
; B0         ; 0H2         ; 8.530  ; 8.530  ; 8.530  ; 8.530  ;
; B0         ; 0H3         ; 8.305  ; 8.305  ; 8.305  ; 8.305  ;
; B0         ; 0H4         ; 8.259  ; 8.259  ; 8.259  ; 8.259  ;
; B0         ; 0H5         ; 8.290  ; 8.290  ; 8.290  ; 8.290  ;
; B0         ; 0H6         ; 8.296  ; 8.296  ; 8.296  ; 8.296  ;
; B0         ; 1H1         ; 11.111 ; 11.111 ; 11.111 ; 11.111 ;
; B0         ; 1H2         ; 10.666 ; 10.666 ; 10.666 ; 10.666 ;
; B0         ; 4H0         ; 7.862  ; 7.862  ; 7.862  ; 7.862  ;
; B0         ; 4H1         ; 7.597  ; 7.597  ; 7.597  ; 7.597  ;
; B0         ; 4H2         ;        ; 7.445  ; 7.445  ;        ;
; B0         ; 4H3         ; 7.741  ; 7.741  ; 7.741  ; 7.741  ;
; B0         ; 4H4         ; 7.741  ;        ;        ; 7.741  ;
; B0         ; 4H5         ; 8.388  ;        ;        ; 8.388  ;
; B0         ; 4H6         ; 7.062  ;        ;        ; 7.062  ;
; B0         ; LED         ; 9.126  ;        ;        ; 9.126  ;
; B0         ; Q0          ; 7.796  ; 7.796  ; 7.796  ; 7.796  ;
; B0         ; Q1          ; 8.583  ; 8.583  ; 8.583  ; 8.583  ;
; B0         ; Q2          ; 8.621  ; 8.621  ; 8.621  ; 8.621  ;
; B0         ; Q3          ; 9.066  ; 9.066  ; 9.066  ; 9.066  ;
; B1         ; 0H0         ; 8.770  ; 8.770  ; 8.770  ; 8.770  ;
; B1         ; 0H1         ; 8.733  ; 8.733  ; 8.733  ; 8.733  ;
; B1         ; 0H2         ; 8.738  ; 8.738  ; 8.738  ; 8.738  ;
; B1         ; 0H3         ; 8.514  ; 8.514  ; 8.514  ; 8.514  ;
; B1         ; 0H4         ; 8.504  ; 8.504  ; 8.504  ; 8.504  ;
; B1         ; 0H5         ; 8.491  ; 8.491  ; 8.491  ; 8.491  ;
; B1         ; 0H6         ; 8.505  ; 8.505  ; 8.505  ; 8.505  ;
; B1         ; 1H1         ; 11.214 ; 11.214 ; 11.214 ; 11.214 ;
; B1         ; 1H2         ; 10.769 ; 10.769 ; 10.769 ; 10.769 ;
; B1         ; 4H0         ; 8.494  ; 8.494  ; 8.494  ; 8.494  ;
; B1         ; 4H1         ; 8.230  ; 8.230  ; 8.230  ; 8.230  ;
; B1         ; 4H2         ; 8.078  ; 8.078  ; 8.078  ; 8.078  ;
; B1         ; 4H3         ; 8.378  ; 8.378  ; 8.378  ; 8.378  ;
; B1         ; 4H4         ; 8.374  ; 8.374  ; 8.374  ; 8.374  ;
; B1         ; 4H5         ; 9.021  ; 9.021  ; 9.021  ; 9.021  ;
; B1         ; 4H6         ; 7.695  ; 7.695  ; 7.695  ; 7.695  ;
; B1         ; 5H1         ;        ; 8.189  ; 8.189  ;        ;
; B1         ; 5H2         ;        ; 8.189  ; 8.189  ;        ;
; B1         ; LED         ; 9.274  ;        ;        ; 9.274  ;
; B1         ; Q1          ; 8.415  ; 8.415  ; 8.415  ; 8.415  ;
; B1         ; Q2          ; 8.769  ; 8.769  ; 8.769  ; 8.769  ;
; B1         ; Q3          ; 9.214  ; 9.214  ; 9.214  ; 9.214  ;
; B2         ; 0H0         ; 8.081  ; 8.081  ; 8.081  ; 8.081  ;
; B2         ; 0H1         ; 8.044  ; 8.044  ; 8.044  ; 8.044  ;
; B2         ; 0H2         ; 8.051  ; 8.051  ; 8.051  ; 8.051  ;
; B2         ; 0H3         ; 7.825  ; 7.825  ; 7.825  ; 7.825  ;
; B2         ; 0H4         ; 7.824  ; 7.824  ; 7.824  ; 7.824  ;
; B2         ; 0H5         ; 7.812  ; 7.812  ; 7.812  ; 7.812  ;
; B2         ; 0H6         ; 7.819  ; 7.819  ; 7.819  ; 7.819  ;
; B2         ; 1H1         ; 10.529 ; 10.529 ; 10.529 ; 10.529 ;
; B2         ; 1H2         ; 10.084 ; 10.084 ; 10.084 ; 10.084 ;
; B2         ; 4H0         ; 7.893  ; 7.893  ; 7.893  ; 7.893  ;
; B2         ; 4H1         ; 7.620  ;        ;        ; 7.620  ;
; B2         ; 4H2         ; 7.456  ; 7.456  ; 7.456  ; 7.456  ;
; B2         ; 4H3         ; 7.778  ; 7.778  ; 7.778  ; 7.778  ;
; B2         ; 4H4         ; 7.757  ;        ;        ; 7.757  ;
; B2         ; 4H5         ; 8.419  ; 8.419  ; 8.419  ; 8.419  ;
; B2         ; 4H6         ; 7.088  ; 7.088  ; 7.088  ; 7.088  ;
; B2         ; 5H1         ;        ; 7.890  ; 7.890  ;        ;
; B2         ; 5H2         ;        ; 7.890  ; 7.890  ;        ;
; B2         ; LED         ; 8.859  ;        ;        ; 8.859  ;
; B2         ; Q2          ; 8.039  ; 8.039  ; 8.039  ; 8.039  ;
; B2         ; Q3          ; 8.799  ; 8.799  ; 8.799  ; 8.799  ;
; B3         ; 0H0         ; 9.965  ; 9.965  ; 9.965  ; 9.965  ;
; B3         ; 0H1         ; 9.926  ; 9.926  ; 9.926  ; 9.926  ;
; B3         ; 0H2         ; 9.937  ; 9.937  ; 9.937  ; 9.937  ;
; B3         ; 0H3         ; 9.711  ; 9.711  ; 9.711  ; 9.711  ;
; B3         ; 0H4         ; 9.709  ; 9.709  ; 9.709  ; 9.709  ;
; B3         ; 0H5         ; 9.697  ; 9.697  ; 9.697  ; 9.697  ;
; B3         ; 0H6         ; 9.686  ; 9.686  ; 9.686  ; 9.686  ;
; B3         ; 1H1         ; 12.390 ; 12.390 ; 12.390 ; 12.390 ;
; B3         ; 1H2         ; 11.945 ; 11.945 ; 11.945 ; 11.945 ;
; B3         ; 4H0         ; 8.555  ; 8.555  ; 8.555  ; 8.555  ;
; B3         ; 4H1         ; 8.290  ; 8.290  ; 8.290  ; 8.290  ;
; B3         ; 4H2         ; 8.139  ; 8.139  ; 8.139  ; 8.139  ;
; B3         ; 4H3         ; 8.439  ; 8.439  ; 8.439  ; 8.439  ;
; B3         ; 4H4         ; 8.438  ; 8.438  ; 8.438  ; 8.438  ;
; B3         ; 4H5         ; 9.076  ; 9.076  ; 9.076  ; 9.076  ;
; B3         ; 4H6         ; 7.755  ; 7.755  ; 7.755  ; 7.755  ;
; B3         ; 5H1         ;        ; 8.555  ; 8.555  ;        ;
; B3         ; 5H2         ;        ; 8.555  ; 8.555  ;        ;
; B3         ; LED         ; 9.296  ;        ;        ; 9.296  ;
; B3         ; Q3          ; 8.920  ; 8.920  ; 8.920  ; 8.920  ;
+------------+-------------+--------+--------+--------+--------+


----------------------------
; Fast Model Setup Summary ;
----------------------------
No paths to report.


---------------------------
; Fast Model Hold Summary ;
---------------------------
No paths to report.


-------------------------------
; Fast Model Recovery Summary ;
-------------------------------
No paths to report.


------------------------------
; Fast Model Removal Summary ;
------------------------------
No paths to report.


------------------------------------------
; Fast Model Minimum Pulse Width Summary ;
------------------------------------------
No paths to report.


+----------------------------------------------------------+
; Propagation Delay                                        ;
+------------+-------------+-------+-------+-------+-------+
; Input Port ; Output Port ; RR    ; RF    ; FR    ; FF    ;
+------------+-------------+-------+-------+-------+-------+
; A0         ; 0H0         ; 5.210 ; 5.210 ; 5.210 ; 5.210 ;
; A0         ; 0H1         ; 5.172 ; 5.172 ; 5.172 ; 5.172 ;
; A0         ; 0H2         ; 5.184 ; 5.184 ; 5.184 ; 5.184 ;
; A0         ; 0H3         ; 5.087 ; 5.087 ; 5.087 ; 5.087 ;
; A0         ; 0H4         ; 5.086 ; 5.086 ; 5.086 ; 5.086 ;
; A0         ; 0H5         ; 5.075 ; 5.075 ; 5.075 ; 5.075 ;
; A0         ; 0H6         ; 5.068 ; 5.068 ; 5.068 ; 5.068 ;
; A0         ; 1H1         ; 6.317 ; 6.317 ; 6.317 ; 6.317 ;
; A0         ; 1H2         ; 6.063 ; 6.063 ; 6.063 ; 6.063 ;
; A0         ; 6H0         ; 3.537 ; 3.537 ; 3.537 ; 3.537 ;
; A0         ; 6H1         ; 3.546 ; 3.546 ; 3.546 ; 3.546 ;
; A0         ; 6H2         ;       ; 3.537 ; 3.537 ;       ;
; A0         ; 6H3         ; 3.827 ; 3.827 ; 3.827 ; 3.827 ;
; A0         ; 6H4         ; 3.825 ;       ;       ; 3.825 ;
; A0         ; 6H5         ; 3.805 ;       ;       ; 3.805 ;
; A0         ; 6H6         ; 3.811 ;       ;       ; 3.811 ;
; A0         ; LED         ; 4.781 ;       ;       ; 4.781 ;
; A0         ; Q0          ; 4.212 ; 4.212 ; 4.212 ; 4.212 ;
; A0         ; Q1          ; 4.532 ; 4.532 ; 4.532 ; 4.532 ;
; A0         ; Q2          ; 4.543 ; 4.543 ; 4.543 ; 4.543 ;
; A0         ; Q3          ; 4.735 ; 4.735 ; 4.735 ; 4.735 ;
; A1         ; 0H0         ; 5.194 ; 5.194 ; 5.194 ; 5.194 ;
; A1         ; 0H1         ; 5.156 ; 5.156 ; 5.156 ; 5.156 ;
; A1         ; 0H2         ; 5.168 ; 5.168 ; 5.168 ; 5.168 ;
; A1         ; 0H3         ; 5.071 ; 5.071 ; 5.071 ; 5.071 ;
; A1         ; 0H4         ; 5.070 ; 5.070 ; 5.070 ; 5.070 ;
; A1         ; 0H5         ; 5.059 ; 5.059 ; 5.059 ; 5.059 ;
; A1         ; 0H6         ; 5.052 ; 5.052 ; 5.052 ; 5.052 ;
; A1         ; 1H1         ; 6.301 ; 6.301 ; 6.301 ; 6.301 ;
; A1         ; 1H2         ; 6.047 ; 6.047 ; 6.047 ; 6.047 ;
; A1         ; 6H0         ; 3.599 ; 3.599 ; 3.599 ; 3.599 ;
; A1         ; 6H1         ; 3.590 ; 3.590 ; 3.590 ; 3.590 ;
; A1         ; 6H2         ; 3.597 ; 3.597 ; 3.597 ; 3.597 ;
; A1         ; 6H3         ; 3.874 ; 3.874 ; 3.874 ; 3.874 ;
; A1         ; 6H4         ; 3.872 ; 3.872 ; 3.872 ; 3.872 ;
; A1         ; 6H5         ; 3.857 ; 3.857 ; 3.857 ; 3.857 ;
; A1         ; 6H6         ; 3.862 ; 3.862 ; 3.862 ; 3.862 ;
; A1         ; 7H1         ;       ; 3.830 ; 3.830 ;       ;
; A1         ; 7H2         ;       ; 3.800 ; 3.800 ;       ;
; A1         ; LED         ; 4.765 ;       ;       ; 4.765 ;
; A1         ; Q1          ; 4.411 ; 4.411 ; 4.411 ; 4.411 ;
; A1         ; Q2          ; 4.527 ; 4.527 ; 4.527 ; 4.527 ;
; A1         ; Q3          ; 4.719 ; 4.719 ; 4.719 ; 4.719 ;
; A2         ; 0H0         ; 5.170 ; 5.170 ; 5.170 ; 5.170 ;
; A2         ; 0H1         ; 5.132 ; 5.132 ; 5.132 ; 5.132 ;
; A2         ; 0H2         ; 5.144 ; 5.144 ; 5.144 ; 5.144 ;
; A2         ; 0H3         ; 5.047 ; 5.047 ; 5.047 ; 5.047 ;
; A2         ; 0H4         ; 5.046 ; 5.046 ; 5.046 ; 5.046 ;
; A2         ; 0H5         ; 5.035 ; 5.035 ; 5.035 ; 5.035 ;
; A2         ; 0H6         ; 5.028 ; 5.028 ; 5.028 ; 5.028 ;
; A2         ; 1H1         ; 6.277 ; 6.277 ; 6.277 ; 6.277 ;
; A2         ; 1H2         ; 6.023 ; 6.023 ; 6.023 ; 6.023 ;
; A2         ; 6H0         ; 3.500 ; 3.500 ; 3.500 ; 3.500 ;
; A2         ; 6H1         ; 3.515 ;       ;       ; 3.515 ;
; A2         ; 6H2         ; 3.499 ; 3.499 ; 3.499 ; 3.499 ;
; A2         ; 6H3         ; 3.777 ; 3.777 ; 3.777 ; 3.777 ;
; A2         ; 6H4         ; 3.775 ;       ;       ; 3.775 ;
; A2         ; 6H5         ; 3.756 ; 3.756 ; 3.756 ; 3.756 ;
; A2         ; 6H6         ; 3.764 ; 3.764 ; 3.764 ; 3.764 ;
; A2         ; 7H1         ;       ; 3.800 ; 3.800 ;       ;
; A2         ; 7H2         ;       ; 3.770 ; 3.770 ;       ;
; A2         ; LED         ; 4.741 ;       ;       ; 4.741 ;
; A2         ; Q2          ; 4.400 ; 4.400 ; 4.400 ; 4.400 ;
; A2         ; Q3          ; 4.695 ; 4.695 ; 4.695 ; 4.695 ;
; A3         ; 0H0         ; 4.853 ; 4.853 ; 4.853 ; 4.853 ;
; A3         ; 0H1         ; 4.815 ; 4.815 ; 4.815 ; 4.815 ;
; A3         ; 0H2         ; 4.827 ; 4.827 ; 4.827 ; 4.827 ;
; A3         ; 0H3         ; 4.730 ; 4.730 ; 4.730 ; 4.730 ;
; A3         ; 0H4         ; 4.729 ; 4.729 ; 4.729 ; 4.729 ;
; A3         ; 0H5         ; 4.718 ; 4.718 ; 4.718 ; 4.718 ;
; A3         ; 0H6         ; 4.711 ; 4.711 ; 4.711 ; 4.711 ;
; A3         ; 1H1         ; 5.960 ; 5.960 ; 5.960 ; 5.960 ;
; A3         ; 1H2         ; 5.706 ; 5.706 ; 5.706 ; 5.706 ;
; A3         ; 6H0         ; 3.523 ; 3.523 ; 3.523 ; 3.523 ;
; A3         ; 6H1         ; 3.514 ; 3.514 ; 3.514 ; 3.514 ;
; A3         ; 6H2         ; 3.522 ; 3.522 ; 3.522 ; 3.522 ;
; A3         ; 6H3         ; 3.798 ; 3.798 ; 3.798 ; 3.798 ;
; A3         ; 6H4         ; 3.796 ; 3.796 ; 3.796 ; 3.796 ;
; A3         ; 6H5         ; 3.777 ; 3.777 ; 3.777 ; 3.777 ;
; A3         ; 6H6         ; 3.786 ; 3.786 ; 3.786 ; 3.786 ;
; A3         ; 7H1         ;       ; 3.823 ; 3.823 ;       ;
; A3         ; 7H2         ;       ; 3.793 ; 3.793 ;       ;
; A3         ; LED         ; 4.529 ;       ;       ; 4.529 ;
; A3         ; Q3          ; 4.378 ; 4.378 ; 4.378 ; 4.378 ;
; B0         ; 0H0         ; 5.101 ; 5.101 ; 5.101 ; 5.101 ;
; B0         ; 0H1         ; 5.063 ; 5.063 ; 5.063 ; 5.063 ;
; B0         ; 0H2         ; 5.075 ; 5.075 ; 5.075 ; 5.075 ;
; B0         ; 0H3         ; 4.978 ; 4.978 ; 4.978 ; 4.978 ;
; B0         ; 0H4         ; 4.977 ; 4.977 ; 4.977 ; 4.977 ;
; B0         ; 0H5         ; 4.966 ; 4.966 ; 4.966 ; 4.966 ;
; B0         ; 0H6         ; 4.959 ; 4.959 ; 4.959 ; 4.959 ;
; B0         ; 1H1         ; 6.208 ; 6.208 ; 6.208 ; 6.208 ;
; B0         ; 1H2         ; 5.954 ; 5.954 ; 5.954 ; 5.954 ;
; B0         ; 4H0         ; 4.032 ; 4.032 ; 4.032 ; 4.032 ;
; B0         ; 4H1         ; 3.940 ; 3.940 ; 3.940 ; 3.940 ;
; B0         ; 4H2         ;       ; 3.841 ; 3.841 ;       ;
; B0         ; 4H3         ; 3.956 ; 3.956 ; 3.956 ; 3.956 ;
; B0         ; 4H4         ; 3.959 ;       ;       ; 3.959 ;
; B0         ; 4H5         ; 4.397 ;       ;       ; 4.397 ;
; B0         ; 4H6         ; 3.700 ;       ;       ; 3.700 ;
; B0         ; LED         ; 4.672 ;       ;       ; 4.672 ;
; B0         ; Q0          ; 4.098 ; 4.098 ; 4.098 ; 4.098 ;
; B0         ; Q1          ; 4.423 ; 4.423 ; 4.423 ; 4.423 ;
; B0         ; Q2          ; 4.434 ; 4.434 ; 4.434 ; 4.434 ;
; B0         ; Q3          ; 4.626 ; 4.626 ; 4.626 ; 4.626 ;
; B1         ; 0H0         ; 5.172 ; 5.172 ; 5.172 ; 5.172 ;
; B1         ; 0H1         ; 5.134 ; 5.134 ; 5.134 ; 5.134 ;
; B1         ; 0H2         ; 5.146 ; 5.146 ; 5.146 ; 5.146 ;
; B1         ; 0H3         ; 5.049 ; 5.049 ; 5.049 ; 5.049 ;
; B1         ; 0H4         ; 5.048 ; 5.048 ; 5.048 ; 5.048 ;
; B1         ; 0H5         ; 5.037 ; 5.037 ; 5.037 ; 5.037 ;
; B1         ; 0H6         ; 5.030 ; 5.030 ; 5.030 ; 5.030 ;
; B1         ; 1H1         ; 6.279 ; 6.279 ; 6.279 ; 6.279 ;
; B1         ; 1H2         ; 6.025 ; 6.025 ; 6.025 ; 6.025 ;
; B1         ; 4H0         ; 4.324 ; 4.324 ; 4.324 ; 4.324 ;
; B1         ; 4H1         ; 4.231 ; 4.231 ; 4.231 ; 4.231 ;
; B1         ; 4H2         ; 4.132 ; 4.132 ; 4.132 ; 4.132 ;
; B1         ; 4H3         ; 4.253 ; 4.253 ; 4.253 ; 4.253 ;
; B1         ; 4H4         ; 4.250 ; 4.250 ; 4.250 ; 4.250 ;
; B1         ; 4H5         ; 4.689 ; 4.689 ; 4.689 ; 4.689 ;
; B1         ; 4H6         ; 3.992 ; 3.992 ; 3.992 ; 3.992 ;
; B1         ; 5H1         ;       ; 4.196 ; 4.196 ;       ;
; B1         ; 5H2         ;       ; 4.196 ; 4.196 ;       ;
; B1         ; LED         ; 4.743 ;       ;       ; 4.743 ;
; B1         ; Q1          ; 4.391 ; 4.391 ; 4.391 ; 4.391 ;
; B1         ; Q2          ; 4.505 ; 4.505 ; 4.505 ; 4.505 ;
; B1         ; Q3          ; 4.697 ; 4.697 ; 4.697 ; 4.697 ;
; B2         ; 0H0         ; 4.945 ; 4.945 ; 4.945 ; 4.945 ;
; B2         ; 0H1         ; 4.907 ; 4.907 ; 4.907 ; 4.907 ;
; B2         ; 0H2         ; 4.919 ; 4.919 ; 4.919 ; 4.919 ;
; B2         ; 0H3         ; 4.822 ; 4.822 ; 4.822 ; 4.822 ;
; B2         ; 0H4         ; 4.821 ; 4.821 ; 4.821 ; 4.821 ;
; B2         ; 0H5         ; 4.810 ; 4.810 ; 4.810 ; 4.810 ;
; B2         ; 0H6         ; 4.803 ; 4.803 ; 4.803 ; 4.803 ;
; B2         ; 1H1         ; 6.052 ; 6.052 ; 6.052 ; 6.052 ;
; B2         ; 1H2         ; 5.798 ; 5.798 ; 5.798 ; 5.798 ;
; B2         ; 4H0         ; 4.015 ; 4.015 ; 4.015 ; 4.015 ;
; B2         ; 4H1         ; 3.918 ;       ;       ; 3.918 ;
; B2         ; 4H2         ; 3.809 ; 3.809 ; 3.809 ; 3.809 ;
; B2         ; 4H3         ; 3.945 ; 3.945 ; 3.945 ; 3.945 ;
; B2         ; 4H4         ; 3.931 ;       ;       ; 3.931 ;
; B2         ; 4H5         ; 4.381 ; 4.381 ; 4.381 ; 4.381 ;
; B2         ; 4H6         ; 3.680 ; 3.680 ; 3.680 ; 3.680 ;
; B2         ; 5H1         ;       ; 4.014 ; 4.014 ;       ;
; B2         ; 5H2         ;       ; 4.014 ; 4.014 ;       ;
; B2         ; LED         ; 4.516 ;       ;       ; 4.516 ;
; B2         ; Q2          ; 4.173 ; 4.173 ; 4.173 ; 4.173 ;
; B2         ; Q3          ; 4.470 ; 4.470 ; 4.470 ; 4.470 ;
; B3         ; 0H0         ; 5.115 ; 5.115 ; 5.115 ; 5.115 ;
; B3         ; 0H1         ; 5.077 ; 5.077 ; 5.077 ; 5.077 ;
; B3         ; 0H2         ; 5.089 ; 5.089 ; 5.089 ; 5.089 ;
; B3         ; 0H3         ; 4.992 ; 4.992 ; 4.992 ; 4.992 ;
; B3         ; 0H4         ; 4.991 ; 4.991 ; 4.991 ; 4.991 ;
; B3         ; 0H5         ; 4.980 ; 4.980 ; 4.980 ; 4.980 ;
; B3         ; 0H6         ; 4.973 ; 4.973 ; 4.973 ; 4.973 ;
; B3         ; 1H1         ; 6.222 ; 6.222 ; 6.222 ; 6.222 ;
; B3         ; 1H2         ; 5.968 ; 5.968 ; 5.968 ; 5.968 ;
; B3         ; 4H0         ; 4.388 ; 4.388 ; 4.388 ; 4.388 ;
; B3         ; 4H1         ; 4.293 ; 4.293 ; 4.293 ; 4.293 ;
; B3         ; 4H2         ; 4.193 ; 4.193 ; 4.193 ; 4.193 ;
; B3         ; 4H3         ; 4.316 ; 4.316 ; 4.316 ; 4.316 ;
; B3         ; 4H4         ; 4.312 ; 4.312 ; 4.312 ; 4.312 ;
; B3         ; 4H5         ; 4.752 ; 4.752 ; 4.752 ; 4.752 ;
; B3         ; 4H6         ; 4.055 ; 4.055 ; 4.055 ; 4.055 ;
; B3         ; 5H1         ;       ; 4.387 ; 4.387 ;       ;
; B3         ; 5H2         ;       ; 4.387 ; 4.387 ;       ;
; B3         ; LED         ; 4.789 ;       ;       ; 4.789 ;
; B3         ; Q3          ; 4.640 ; 4.640 ; 4.640 ; 4.640 ;
+------------+-------------+-------+-------+-------+-------+


+----------------------------------------------------------+
; Minimum Propagation Delay                                ;
+------------+-------------+-------+-------+-------+-------+
; Input Port ; Output Port ; RR    ; RF    ; FR    ; FF    ;
+------------+-------------+-------+-------+-------+-------+
; A0         ; 0H0         ; 4.492 ; 4.492 ; 4.492 ; 4.492 ;
; A0         ; 0H1         ; 4.457 ; 4.457 ; 4.457 ; 4.457 ;
; A0         ; 0H2         ; 4.463 ; 4.463 ; 4.463 ; 4.463 ;
; A0         ; 0H3         ; 4.369 ; 4.369 ; 4.369 ; 4.369 ;
; A0         ; 0H4         ; 4.363 ; 4.363 ; 4.363 ; 4.363 ;
; A0         ; 0H5         ; 4.354 ; 4.354 ; 4.354 ; 4.354 ;
; A0         ; 0H6         ; 4.360 ; 4.360 ; 4.360 ; 4.360 ;
; A0         ; 1H1         ; 5.604 ; 5.604 ; 5.604 ; 5.604 ;
; A0         ; 1H2         ; 5.350 ; 5.350 ; 5.350 ; 5.350 ;
; A0         ; 6H0         ; 3.537 ; 3.537 ; 3.537 ; 3.537 ;
; A0         ; 6H1         ; 3.546 ; 3.546 ; 3.546 ; 3.546 ;
; A0         ; 6H2         ;       ; 3.537 ; 3.537 ;       ;
; A0         ; 6H3         ; 3.827 ; 3.827 ; 3.827 ; 3.827 ;
; A0         ; 6H4         ; 3.825 ;       ;       ; 3.825 ;
; A0         ; 6H5         ; 3.805 ;       ;       ; 3.805 ;
; A0         ; 6H6         ; 3.811 ;       ;       ; 3.811 ;
; A0         ; LED         ; 4.781 ;       ;       ; 4.781 ;
; A0         ; Q0          ; 4.212 ; 4.212 ; 4.212 ; 4.212 ;
; A0         ; Q1          ; 4.532 ; 4.532 ; 4.532 ; 4.532 ;
; A0         ; Q2          ; 4.543 ; 4.543 ; 4.543 ; 4.543 ;
; A0         ; Q3          ; 4.735 ; 4.735 ; 4.735 ; 4.735 ;
; A1         ; 0H0         ; 4.492 ; 4.492 ; 4.492 ; 4.492 ;
; A1         ; 0H1         ; 4.477 ; 4.477 ; 4.477 ; 4.477 ;
; A1         ; 0H2         ; 4.463 ; 4.463 ; 4.463 ; 4.463 ;
; A1         ; 0H3         ; 4.368 ; 4.368 ; 4.368 ; 4.368 ;
; A1         ; 0H4         ; 4.366 ; 4.366 ; 4.366 ; 4.366 ;
; A1         ; 0H5         ; 4.354 ; 4.354 ; 4.354 ; 4.354 ;
; A1         ; 0H6         ; 4.359 ; 4.359 ; 4.359 ; 4.359 ;
; A1         ; 1H1         ; 5.588 ; 5.588 ; 5.588 ; 5.588 ;
; A1         ; 1H2         ; 5.334 ; 5.334 ; 5.334 ; 5.334 ;
; A1         ; 6H0         ; 3.599 ; 3.599 ; 3.599 ; 3.599 ;
; A1         ; 6H1         ; 3.590 ; 3.590 ; 3.590 ; 3.590 ;
; A1         ; 6H2         ; 3.597 ; 3.597 ; 3.597 ; 3.597 ;
; A1         ; 6H3         ; 3.874 ; 3.874 ; 3.874 ; 3.874 ;
; A1         ; 6H4         ; 3.872 ; 3.872 ; 3.872 ; 3.872 ;
; A1         ; 6H5         ; 3.857 ; 3.857 ; 3.857 ; 3.857 ;
; A1         ; 6H6         ; 3.862 ; 3.862 ; 3.862 ; 3.862 ;
; A1         ; 7H1         ;       ; 3.830 ; 3.830 ;       ;
; A1         ; 7H2         ;       ; 3.800 ; 3.800 ;       ;
; A1         ; LED         ; 4.765 ;       ;       ; 4.765 ;
; A1         ; Q1          ; 4.411 ; 4.411 ; 4.411 ; 4.411 ;
; A1         ; Q2          ; 4.527 ; 4.527 ; 4.527 ; 4.527 ;
; A1         ; Q3          ; 4.719 ; 4.719 ; 4.719 ; 4.719 ;
; A2         ; 0H0         ; 4.365 ; 4.365 ; 4.365 ; 4.365 ;
; A2         ; 0H1         ; 4.350 ; 4.350 ; 4.350 ; 4.350 ;
; A2         ; 0H2         ; 4.336 ; 4.336 ; 4.336 ; 4.336 ;
; A2         ; 0H3         ; 4.241 ; 4.241 ; 4.241 ; 4.241 ;
; A2         ; 0H4         ; 4.239 ; 4.239 ; 4.239 ; 4.239 ;
; A2         ; 0H5         ; 4.227 ; 4.227 ; 4.227 ; 4.227 ;
; A2         ; 0H6         ; 4.232 ; 4.232 ; 4.232 ; 4.232 ;
; A2         ; 1H1         ; 5.461 ; 5.461 ; 5.461 ; 5.461 ;
; A2         ; 1H2         ; 5.207 ; 5.207 ; 5.207 ; 5.207 ;
; A2         ; 6H0         ; 3.500 ; 3.500 ; 3.500 ; 3.500 ;
; A2         ; 6H1         ; 3.515 ;       ;       ; 3.515 ;
; A2         ; 6H2         ; 3.499 ; 3.499 ; 3.499 ; 3.499 ;
; A2         ; 6H3         ; 3.777 ; 3.777 ; 3.777 ; 3.777 ;
; A2         ; 6H4         ; 3.775 ;       ;       ; 3.775 ;
; A2         ; 6H5         ; 3.756 ; 3.756 ; 3.756 ; 3.756 ;
; A2         ; 6H6         ; 3.764 ; 3.764 ; 3.764 ; 3.764 ;
; A2         ; 7H1         ;       ; 3.800 ; 3.800 ;       ;
; A2         ; 7H2         ;       ; 3.770 ; 3.770 ;       ;
; A2         ; LED         ; 4.741 ;       ;       ; 4.741 ;
; A2         ; Q2          ; 4.400 ; 4.400 ; 4.400 ; 4.400 ;
; A2         ; Q3          ; 4.695 ; 4.695 ; 4.695 ; 4.695 ;
; A3         ; 0H0         ; 4.853 ; 4.853 ; 4.853 ; 4.853 ;
; A3         ; 0H1         ; 4.815 ; 4.815 ; 4.815 ; 4.815 ;
; A3         ; 0H2         ; 4.827 ; 4.827 ; 4.827 ; 4.827 ;
; A3         ; 0H3         ; 4.730 ; 4.730 ; 4.730 ; 4.730 ;
; A3         ; 0H4         ; 4.729 ; 4.729 ; 4.729 ; 4.729 ;
; A3         ; 0H5         ; 4.718 ; 4.718 ; 4.718 ; 4.718 ;
; A3         ; 0H6         ; 4.711 ; 4.711 ; 4.711 ; 4.711 ;
; A3         ; 1H1         ; 5.960 ; 5.960 ; 5.960 ; 5.960 ;
; A3         ; 1H2         ; 5.706 ; 5.706 ; 5.706 ; 5.706 ;
; A3         ; 6H0         ; 3.523 ; 3.523 ; 3.523 ; 3.523 ;
; A3         ; 6H1         ; 3.514 ; 3.514 ; 3.514 ; 3.514 ;
; A3         ; 6H2         ; 3.522 ; 3.522 ; 3.522 ; 3.522 ;
; A3         ; 6H3         ; 3.798 ; 3.798 ; 3.798 ; 3.798 ;
; A3         ; 6H4         ; 3.796 ; 3.796 ; 3.796 ; 3.796 ;
; A3         ; 6H5         ; 3.777 ; 3.777 ; 3.777 ; 3.777 ;
; A3         ; 6H6         ; 3.786 ; 3.786 ; 3.786 ; 3.786 ;
; A3         ; 7H1         ;       ; 3.823 ; 3.823 ;       ;
; A3         ; 7H2         ;       ; 3.793 ; 3.793 ;       ;
; A3         ; LED         ; 4.529 ;       ;       ; 4.529 ;
; A3         ; Q3          ; 4.378 ; 4.378 ; 4.378 ; 4.378 ;
; B0         ; 0H0         ; 4.378 ; 4.378 ; 4.378 ; 4.378 ;
; B0         ; 0H1         ; 4.343 ; 4.343 ; 4.343 ; 4.343 ;
; B0         ; 0H2         ; 4.349 ; 4.349 ; 4.349 ; 4.349 ;
; B0         ; 0H3         ; 4.255 ; 4.255 ; 4.255 ; 4.255 ;
; B0         ; 0H4         ; 4.249 ; 4.249 ; 4.249 ; 4.249 ;
; B0         ; 0H5         ; 4.240 ; 4.240 ; 4.240 ; 4.240 ;
; B0         ; 0H6         ; 4.246 ; 4.246 ; 4.246 ; 4.246 ;
; B0         ; 1H1         ; 5.495 ; 5.495 ; 5.495 ; 5.495 ;
; B0         ; 1H2         ; 5.241 ; 5.241 ; 5.241 ; 5.241 ;
; B0         ; 4H0         ; 4.032 ; 4.032 ; 4.032 ; 4.032 ;
; B0         ; 4H1         ; 3.940 ; 3.940 ; 3.940 ; 3.940 ;
; B0         ; 4H2         ;       ; 3.841 ; 3.841 ;       ;
; B0         ; 4H3         ; 3.956 ; 3.956 ; 3.956 ; 3.956 ;
; B0         ; 4H4         ; 3.959 ;       ;       ; 3.959 ;
; B0         ; 4H5         ; 4.397 ;       ;       ; 4.397 ;
; B0         ; 4H6         ; 3.700 ;       ;       ; 3.700 ;
; B0         ; LED         ; 4.672 ;       ;       ; 4.672 ;
; B0         ; Q0          ; 4.098 ; 4.098 ; 4.098 ; 4.098 ;
; B0         ; Q1          ; 4.423 ; 4.423 ; 4.423 ; 4.423 ;
; B0         ; Q2          ; 4.434 ; 4.434 ; 4.434 ; 4.434 ;
; B0         ; Q3          ; 4.626 ; 4.626 ; 4.626 ; 4.626 ;
; B1         ; 0H0         ; 4.470 ; 4.470 ; 4.470 ; 4.470 ;
; B1         ; 0H1         ; 4.455 ; 4.455 ; 4.455 ; 4.455 ;
; B1         ; 0H2         ; 4.441 ; 4.441 ; 4.441 ; 4.441 ;
; B1         ; 0H3         ; 4.346 ; 4.346 ; 4.346 ; 4.346 ;
; B1         ; 0H4         ; 4.344 ; 4.344 ; 4.344 ; 4.344 ;
; B1         ; 0H5         ; 4.332 ; 4.332 ; 4.332 ; 4.332 ;
; B1         ; 0H6         ; 4.337 ; 4.337 ; 4.337 ; 4.337 ;
; B1         ; 1H1         ; 5.566 ; 5.566 ; 5.566 ; 5.566 ;
; B1         ; 1H2         ; 5.312 ; 5.312 ; 5.312 ; 5.312 ;
; B1         ; 4H0         ; 4.324 ; 4.324 ; 4.324 ; 4.324 ;
; B1         ; 4H1         ; 4.231 ; 4.231 ; 4.231 ; 4.231 ;
; B1         ; 4H2         ; 4.132 ; 4.132 ; 4.132 ; 4.132 ;
; B1         ; 4H3         ; 4.253 ; 4.253 ; 4.253 ; 4.253 ;
; B1         ; 4H4         ; 4.250 ; 4.250 ; 4.250 ; 4.250 ;
; B1         ; 4H5         ; 4.689 ; 4.689 ; 4.689 ; 4.689 ;
; B1         ; 4H6         ; 3.992 ; 3.992 ; 3.992 ; 3.992 ;
; B1         ; 5H1         ;       ; 4.196 ; 4.196 ;       ;
; B1         ; 5H2         ;       ; 4.196 ; 4.196 ;       ;
; B1         ; LED         ; 4.743 ;       ;       ; 4.743 ;
; B1         ; Q1          ; 4.391 ; 4.391 ; 4.391 ; 4.391 ;
; B1         ; Q2          ; 4.505 ; 4.505 ; 4.505 ; 4.505 ;
; B1         ; Q3          ; 4.697 ; 4.697 ; 4.697 ; 4.697 ;
; B2         ; 0H0         ; 4.138 ; 4.138 ; 4.138 ; 4.138 ;
; B2         ; 0H1         ; 4.123 ; 4.123 ; 4.123 ; 4.123 ;
; B2         ; 0H2         ; 4.109 ; 4.109 ; 4.109 ; 4.109 ;
; B2         ; 0H3         ; 4.014 ; 4.014 ; 4.014 ; 4.014 ;
; B2         ; 0H4         ; 4.012 ; 4.012 ; 4.012 ; 4.012 ;
; B2         ; 0H5         ; 4.000 ; 4.000 ; 4.000 ; 4.000 ;
; B2         ; 0H6         ; 4.005 ; 4.005 ; 4.005 ; 4.005 ;
; B2         ; 1H1         ; 5.234 ; 5.234 ; 5.234 ; 5.234 ;
; B2         ; 1H2         ; 4.980 ; 4.980 ; 4.980 ; 4.980 ;
; B2         ; 4H0         ; 4.015 ; 4.015 ; 4.015 ; 4.015 ;
; B2         ; 4H1         ; 3.918 ;       ;       ; 3.918 ;
; B2         ; 4H2         ; 3.809 ; 3.809 ; 3.809 ; 3.809 ;
; B2         ; 4H3         ; 3.945 ; 3.945 ; 3.945 ; 3.945 ;
; B2         ; 4H4         ; 3.931 ;       ;       ; 3.931 ;
; B2         ; 4H5         ; 4.381 ; 4.381 ; 4.381 ; 4.381 ;
; B2         ; 4H6         ; 3.680 ; 3.680 ; 3.680 ; 3.680 ;
; B2         ; 5H1         ;       ; 4.014 ; 4.014 ;       ;
; B2         ; 5H2         ;       ; 4.014 ; 4.014 ;       ;
; B2         ; LED         ; 4.516 ;       ;       ; 4.516 ;
; B2         ; Q2          ; 4.173 ; 4.173 ; 4.173 ; 4.173 ;
; B2         ; Q3          ; 4.470 ; 4.470 ; 4.470 ; 4.470 ;
; B3         ; 0H0         ; 5.115 ; 5.115 ; 5.115 ; 5.115 ;
; B3         ; 0H1         ; 5.077 ; 5.077 ; 5.077 ; 5.077 ;
; B3         ; 0H2         ; 5.089 ; 5.089 ; 5.089 ; 5.089 ;
; B3         ; 0H3         ; 4.992 ; 4.992 ; 4.992 ; 4.992 ;
; B3         ; 0H4         ; 4.991 ; 4.991 ; 4.991 ; 4.991 ;
; B3         ; 0H5         ; 4.980 ; 4.980 ; 4.980 ; 4.980 ;
; B3         ; 0H6         ; 4.973 ; 4.973 ; 4.973 ; 4.973 ;
; B3         ; 1H1         ; 6.222 ; 6.222 ; 6.222 ; 6.222 ;
; B3         ; 1H2         ; 5.968 ; 5.968 ; 5.968 ; 5.968 ;
; B3         ; 4H0         ; 4.388 ; 4.388 ; 4.388 ; 4.388 ;
; B3         ; 4H1         ; 4.293 ; 4.293 ; 4.293 ; 4.293 ;
; B3         ; 4H2         ; 4.193 ; 4.193 ; 4.193 ; 4.193 ;
; B3         ; 4H3         ; 4.316 ; 4.316 ; 4.316 ; 4.316 ;
; B3         ; 4H4         ; 4.312 ; 4.312 ; 4.312 ; 4.312 ;
; B3         ; 4H5         ; 4.752 ; 4.752 ; 4.752 ; 4.752 ;
; B3         ; 4H6         ; 4.055 ; 4.055 ; 4.055 ; 4.055 ;
; B3         ; 5H1         ;       ; 4.387 ; 4.387 ;       ;
; B3         ; 5H2         ;       ; 4.387 ; 4.387 ;       ;
; B3         ; LED         ; 4.789 ;       ;       ; 4.789 ;
; B3         ; Q3          ; 4.640 ; 4.640 ; 4.640 ; 4.640 ;
+------------+-------------+-------+-------+-------+-------+


+----------------------------------------------------------------------------+
; Multicorner Timing Analysis Summary                                        ;
+------------------+-------+------+----------+---------+---------------------+
; Clock            ; Setup ; Hold ; Recovery ; Removal ; Minimum Pulse Width ;
+------------------+-------+------+----------+---------+---------------------+
; Worst-case Slack ; N/A   ; N/A  ; N/A      ; N/A     ; N/A                 ;
; Design-wide TNS  ; 0.0   ; 0.0  ; 0.0      ; 0.0     ; 0.0                 ;
+------------------+-------+------+----------+---------+---------------------+


+--------------------------------------------------------------+
; Progagation Delay                                            ;
+------------+-------------+--------+--------+--------+--------+
; Input Port ; Output Port ; RR     ; RF     ; FR     ; FF     ;
+------------+-------------+--------+--------+--------+--------+
; A0         ; 0H0         ; 10.374 ; 10.374 ; 10.374 ; 10.374 ;
; A0         ; 0H1         ; 10.335 ; 10.335 ; 10.335 ; 10.335 ;
; A0         ; 0H2         ; 10.346 ; 10.346 ; 10.346 ; 10.346 ;
; A0         ; 0H3         ; 10.120 ; 10.120 ; 10.120 ; 10.120 ;
; A0         ; 0H4         ; 10.118 ; 10.118 ; 10.118 ; 10.118 ;
; A0         ; 0H5         ; 10.106 ; 10.106 ; 10.106 ; 10.106 ;
; A0         ; 0H6         ; 10.095 ; 10.095 ; 10.095 ; 10.095 ;
; A0         ; 1H1         ; 12.799 ; 12.799 ; 12.799 ; 12.799 ;
; A0         ; 1H2         ; 12.354 ; 12.354 ; 12.354 ; 12.354 ;
; A0         ; 6H0         ; 6.852  ; 6.852  ; 6.852  ; 6.852  ;
; A0         ; 6H1         ; 6.860  ; 6.860  ; 6.860  ; 6.860  ;
; A0         ; 6H2         ;        ; 6.819  ; 6.819  ;        ;
; A0         ; 6H3         ; 7.408  ; 7.408  ; 7.408  ; 7.408  ;
; A0         ; 6H4         ; 7.369  ;        ;        ; 7.369  ;
; A0         ; 6H5         ; 7.380  ;        ;        ; 7.380  ;
; A0         ; 6H6         ; 7.399  ;        ;        ; 7.399  ;
; A0         ; LED         ; 9.389  ;        ;        ; 9.389  ;
; A0         ; Q0          ; 8.063  ; 8.063  ; 8.063  ; 8.063  ;
; A0         ; Q1          ; 8.846  ; 8.846  ; 8.846  ; 8.846  ;
; A0         ; Q2          ; 8.884  ; 8.884  ; 8.884  ; 8.884  ;
; A0         ; Q3          ; 9.329  ; 9.329  ; 9.329  ; 9.329  ;
; A1         ; 0H0         ; 10.344 ; 10.344 ; 10.344 ; 10.344 ;
; A1         ; 0H1         ; 10.305 ; 10.305 ; 10.305 ; 10.305 ;
; A1         ; 0H2         ; 10.316 ; 10.316 ; 10.316 ; 10.316 ;
; A1         ; 0H3         ; 10.090 ; 10.090 ; 10.090 ; 10.090 ;
; A1         ; 0H4         ; 10.088 ; 10.088 ; 10.088 ; 10.088 ;
; A1         ; 0H5         ; 10.076 ; 10.076 ; 10.076 ; 10.076 ;
; A1         ; 0H6         ; 10.065 ; 10.065 ; 10.065 ; 10.065 ;
; A1         ; 1H1         ; 12.769 ; 12.769 ; 12.769 ; 12.769 ;
; A1         ; 1H2         ; 12.324 ; 12.324 ; 12.324 ; 12.324 ;
; A1         ; 6H0         ; 6.993  ; 6.993  ; 6.993  ; 6.993  ;
; A1         ; 6H1         ; 6.985  ; 6.985  ; 6.985  ; 6.985  ;
; A1         ; 6H2         ; 6.990  ; 6.990  ; 6.990  ; 6.990  ;
; A1         ; 6H3         ; 7.533  ; 7.533  ; 7.533  ; 7.533  ;
; A1         ; 6H4         ; 7.525  ; 7.525  ; 7.525  ; 7.525  ;
; A1         ; 6H5         ; 7.507  ; 7.507  ; 7.507  ; 7.507  ;
; A1         ; 6H6         ; 7.525  ; 7.525  ; 7.525  ; 7.525  ;
; A1         ; 7H1         ;        ; 7.423  ; 7.423  ;        ;
; A1         ; 7H2         ;        ; 7.393  ; 7.393  ;        ;
; A1         ; LED         ; 9.359  ;        ;        ; 9.359  ;
; A1         ; Q1          ; 8.501  ; 8.501  ; 8.501  ; 8.501  ;
; A1         ; Q2          ; 8.854  ; 8.854  ; 8.854  ; 8.854  ;
; A1         ; Q3          ; 9.299  ; 9.299  ; 9.299  ; 9.299  ;
; A2         ; 0H0         ; 10.277 ; 10.277 ; 10.277 ; 10.277 ;
; A2         ; 0H1         ; 10.238 ; 10.238 ; 10.238 ; 10.238 ;
; A2         ; 0H2         ; 10.249 ; 10.249 ; 10.249 ; 10.249 ;
; A2         ; 0H3         ; 10.023 ; 10.023 ; 10.023 ; 10.023 ;
; A2         ; 0H4         ; 10.021 ; 10.021 ; 10.021 ; 10.021 ;
; A2         ; 0H5         ; 10.009 ; 10.009 ; 10.009 ; 10.009 ;
; A2         ; 0H6         ; 9.998  ; 9.998  ; 9.998  ; 9.998  ;
; A2         ; 1H1         ; 12.702 ; 12.702 ; 12.702 ; 12.702 ;
; A2         ; 1H2         ; 12.257 ; 12.257 ; 12.257 ; 12.257 ;
; A2         ; 6H0         ; 6.742  ; 6.742  ; 6.742  ; 6.742  ;
; A2         ; 6H1         ; 6.735  ;        ;        ; 6.735  ;
; A2         ; 6H2         ; 6.737  ; 6.737  ; 6.737  ; 6.737  ;
; A2         ; 6H3         ; 7.284  ; 7.284  ; 7.284  ; 7.284  ;
; A2         ; 6H4         ; 7.274  ;        ;        ; 7.274  ;
; A2         ; 6H5         ; 7.256  ; 7.256  ; 7.256  ; 7.256  ;
; A2         ; 6H6         ; 7.277  ; 7.277  ; 7.277  ; 7.277  ;
; A2         ; 7H1         ;        ; 7.311  ; 7.311  ;        ;
; A2         ; 7H2         ;        ; 7.281  ; 7.281  ;        ;
; A2         ; LED         ; 9.292  ;        ;        ; 9.292  ;
; A2         ; Q2          ; 8.475  ; 8.475  ; 8.475  ; 8.475  ;
; A2         ; Q3          ; 9.232  ; 9.232  ; 9.232  ; 9.232  ;
; A3         ; 0H0         ; 9.606  ; 9.606  ; 9.606  ; 9.606  ;
; A3         ; 0H1         ; 9.567  ; 9.567  ; 9.567  ; 9.567  ;
; A3         ; 0H2         ; 9.578  ; 9.578  ; 9.578  ; 9.578  ;
; A3         ; 0H3         ; 9.352  ; 9.352  ; 9.352  ; 9.352  ;
; A3         ; 0H4         ; 9.350  ; 9.350  ; 9.350  ; 9.350  ;
; A3         ; 0H5         ; 9.338  ; 9.338  ; 9.338  ; 9.338  ;
; A3         ; 0H6         ; 9.327  ; 9.327  ; 9.327  ; 9.327  ;
; A3         ; 1H1         ; 12.031 ; 12.031 ; 12.031 ; 12.031 ;
; A3         ; 1H2         ; 11.586 ; 11.586 ; 11.586 ; 11.586 ;
; A3         ; 6H0         ; 6.792  ; 6.792  ; 6.792  ; 6.792  ;
; A3         ; 6H1         ; 6.782  ; 6.782  ; 6.782  ; 6.782  ;
; A3         ; 6H2         ; 6.789  ; 6.789  ; 6.789  ; 6.789  ;
; A3         ; 6H3         ; 7.333  ; 7.333  ; 7.333  ; 7.333  ;
; A3         ; 6H4         ; 7.325  ; 7.325  ; 7.325  ; 7.325  ;
; A3         ; 6H5         ; 7.306  ; 7.306  ; 7.306  ; 7.306  ;
; A3         ; 6H6         ; 7.328  ; 7.328  ; 7.328  ; 7.328  ;
; A3         ; 7H1         ;        ; 7.362  ; 7.362  ;        ;
; A3         ; 7H2         ;        ; 7.332  ; 7.332  ;        ;
; A3         ; LED         ; 8.936  ;        ;        ; 8.936  ;
; A3         ; Q3          ; 8.561  ; 8.561  ; 8.561  ; 8.561  ;
; B0         ; 0H0         ; 10.111 ; 10.111 ; 10.111 ; 10.111 ;
; B0         ; 0H1         ; 10.072 ; 10.072 ; 10.072 ; 10.072 ;
; B0         ; 0H2         ; 10.083 ; 10.083 ; 10.083 ; 10.083 ;
; B0         ; 0H3         ; 9.857  ; 9.857  ; 9.857  ; 9.857  ;
; B0         ; 0H4         ; 9.855  ; 9.855  ; 9.855  ; 9.855  ;
; B0         ; 0H5         ; 9.843  ; 9.843  ; 9.843  ; 9.843  ;
; B0         ; 0H6         ; 9.832  ; 9.832  ; 9.832  ; 9.832  ;
; B0         ; 1H1         ; 12.536 ; 12.536 ; 12.536 ; 12.536 ;
; B0         ; 1H2         ; 12.091 ; 12.091 ; 12.091 ; 12.091 ;
; B0         ; 4H0         ; 7.862  ; 7.862  ; 7.862  ; 7.862  ;
; B0         ; 4H1         ; 7.597  ; 7.597  ; 7.597  ; 7.597  ;
; B0         ; 4H2         ;        ; 7.445  ; 7.445  ;        ;
; B0         ; 4H3         ; 7.741  ; 7.741  ; 7.741  ; 7.741  ;
; B0         ; 4H4         ; 7.741  ;        ;        ; 7.741  ;
; B0         ; 4H5         ; 8.388  ;        ;        ; 8.388  ;
; B0         ; 4H6         ; 7.062  ;        ;        ; 7.062  ;
; B0         ; LED         ; 9.126  ;        ;        ; 9.126  ;
; B0         ; Q0          ; 7.796  ; 7.796  ; 7.796  ; 7.796  ;
; B0         ; Q1          ; 8.583  ; 8.583  ; 8.583  ; 8.583  ;
; B0         ; Q2          ; 8.621  ; 8.621  ; 8.621  ; 8.621  ;
; B0         ; Q3          ; 9.066  ; 9.066  ; 9.066  ; 9.066  ;
; B1         ; 0H0         ; 10.259 ; 10.259 ; 10.259 ; 10.259 ;
; B1         ; 0H1         ; 10.220 ; 10.220 ; 10.220 ; 10.220 ;
; B1         ; 0H2         ; 10.231 ; 10.231 ; 10.231 ; 10.231 ;
; B1         ; 0H3         ; 10.005 ; 10.005 ; 10.005 ; 10.005 ;
; B1         ; 0H4         ; 10.003 ; 10.003 ; 10.003 ; 10.003 ;
; B1         ; 0H5         ; 9.991  ; 9.991  ; 9.991  ; 9.991  ;
; B1         ; 0H6         ; 9.980  ; 9.980  ; 9.980  ; 9.980  ;
; B1         ; 1H1         ; 12.684 ; 12.684 ; 12.684 ; 12.684 ;
; B1         ; 1H2         ; 12.239 ; 12.239 ; 12.239 ; 12.239 ;
; B1         ; 4H0         ; 8.494  ; 8.494  ; 8.494  ; 8.494  ;
; B1         ; 4H1         ; 8.230  ; 8.230  ; 8.230  ; 8.230  ;
; B1         ; 4H2         ; 8.078  ; 8.078  ; 8.078  ; 8.078  ;
; B1         ; 4H3         ; 8.378  ; 8.378  ; 8.378  ; 8.378  ;
; B1         ; 4H4         ; 8.374  ; 8.374  ; 8.374  ; 8.374  ;
; B1         ; 4H5         ; 9.021  ; 9.021  ; 9.021  ; 9.021  ;
; B1         ; 4H6         ; 7.695  ; 7.695  ; 7.695  ; 7.695  ;
; B1         ; 5H1         ;        ; 8.189  ; 8.189  ;        ;
; B1         ; 5H2         ;        ; 8.189  ; 8.189  ;        ;
; B1         ; LED         ; 9.274  ;        ;        ; 9.274  ;
; B1         ; Q1          ; 8.415  ; 8.415  ; 8.415  ; 8.415  ;
; B1         ; Q2          ; 8.769  ; 8.769  ; 8.769  ; 8.769  ;
; B1         ; Q3          ; 9.214  ; 9.214  ; 9.214  ; 9.214  ;
; B2         ; 0H0         ; 9.844  ; 9.844  ; 9.844  ; 9.844  ;
; B2         ; 0H1         ; 9.805  ; 9.805  ; 9.805  ; 9.805  ;
; B2         ; 0H2         ; 9.816  ; 9.816  ; 9.816  ; 9.816  ;
; B2         ; 0H3         ; 9.590  ; 9.590  ; 9.590  ; 9.590  ;
; B2         ; 0H4         ; 9.588  ; 9.588  ; 9.588  ; 9.588  ;
; B2         ; 0H5         ; 9.576  ; 9.576  ; 9.576  ; 9.576  ;
; B2         ; 0H6         ; 9.565  ; 9.565  ; 9.565  ; 9.565  ;
; B2         ; 1H1         ; 12.269 ; 12.269 ; 12.269 ; 12.269 ;
; B2         ; 1H2         ; 11.824 ; 11.824 ; 11.824 ; 11.824 ;
; B2         ; 4H0         ; 7.893  ; 7.893  ; 7.893  ; 7.893  ;
; B2         ; 4H1         ; 7.620  ;        ;        ; 7.620  ;
; B2         ; 4H2         ; 7.456  ; 7.456  ; 7.456  ; 7.456  ;
; B2         ; 4H3         ; 7.778  ; 7.778  ; 7.778  ; 7.778  ;
; B2         ; 4H4         ; 7.757  ;        ;        ; 7.757  ;
; B2         ; 4H5         ; 8.419  ; 8.419  ; 8.419  ; 8.419  ;
; B2         ; 4H6         ; 7.088  ; 7.088  ; 7.088  ; 7.088  ;
; B2         ; 5H1         ;        ; 7.890  ; 7.890  ;        ;
; B2         ; 5H2         ;        ; 7.890  ; 7.890  ;        ;
; B2         ; LED         ; 8.859  ;        ;        ; 8.859  ;
; B2         ; Q2          ; 8.039  ; 8.039  ; 8.039  ; 8.039  ;
; B2         ; Q3          ; 8.799  ; 8.799  ; 8.799  ; 8.799  ;
; B3         ; 0H0         ; 9.965  ; 9.965  ; 9.965  ; 9.965  ;
; B3         ; 0H1         ; 9.926  ; 9.926  ; 9.926  ; 9.926  ;
; B3         ; 0H2         ; 9.937  ; 9.937  ; 9.937  ; 9.937  ;
; B3         ; 0H3         ; 9.711  ; 9.711  ; 9.711  ; 9.711  ;
; B3         ; 0H4         ; 9.709  ; 9.709  ; 9.709  ; 9.709  ;
; B3         ; 0H5         ; 9.697  ; 9.697  ; 9.697  ; 9.697  ;
; B3         ; 0H6         ; 9.686  ; 9.686  ; 9.686  ; 9.686  ;
; B3         ; 1H1         ; 12.390 ; 12.390 ; 12.390 ; 12.390 ;
; B3         ; 1H2         ; 11.945 ; 11.945 ; 11.945 ; 11.945 ;
; B3         ; 4H0         ; 8.555  ; 8.555  ; 8.555  ; 8.555  ;
; B3         ; 4H1         ; 8.290  ; 8.290  ; 8.290  ; 8.290  ;
; B3         ; 4H2         ; 8.139  ; 8.139  ; 8.139  ; 8.139  ;
; B3         ; 4H3         ; 8.439  ; 8.439  ; 8.439  ; 8.439  ;
; B3         ; 4H4         ; 8.438  ; 8.438  ; 8.438  ; 8.438  ;
; B3         ; 4H5         ; 9.076  ; 9.076  ; 9.076  ; 9.076  ;
; B3         ; 4H6         ; 7.755  ; 7.755  ; 7.755  ; 7.755  ;
; B3         ; 5H1         ;        ; 8.555  ; 8.555  ;        ;
; B3         ; 5H2         ;        ; 8.555  ; 8.555  ;        ;
; B3         ; LED         ; 9.296  ;        ;        ; 9.296  ;
; B3         ; Q3          ; 8.920  ; 8.920  ; 8.920  ; 8.920  ;
+------------+-------------+--------+--------+--------+--------+


+----------------------------------------------------------+
; Minimum Progagation Delay                                ;
+------------+-------------+-------+-------+-------+-------+
; Input Port ; Output Port ; RR    ; RF    ; FR    ; FF    ;
+------------+-------------+-------+-------+-------+-------+
; A0         ; 0H0         ; 4.492 ; 4.492 ; 4.492 ; 4.492 ;
; A0         ; 0H1         ; 4.457 ; 4.457 ; 4.457 ; 4.457 ;
; A0         ; 0H2         ; 4.463 ; 4.463 ; 4.463 ; 4.463 ;
; A0         ; 0H3         ; 4.369 ; 4.369 ; 4.369 ; 4.369 ;
; A0         ; 0H4         ; 4.363 ; 4.363 ; 4.363 ; 4.363 ;
; A0         ; 0H5         ; 4.354 ; 4.354 ; 4.354 ; 4.354 ;
; A0         ; 0H6         ; 4.360 ; 4.360 ; 4.360 ; 4.360 ;
; A0         ; 1H1         ; 5.604 ; 5.604 ; 5.604 ; 5.604 ;
; A0         ; 1H2         ; 5.350 ; 5.350 ; 5.350 ; 5.350 ;
; A0         ; 6H0         ; 3.537 ; 3.537 ; 3.537 ; 3.537 ;
; A0         ; 6H1         ; 3.546 ; 3.546 ; 3.546 ; 3.546 ;
; A0         ; 6H2         ;       ; 3.537 ; 3.537 ;       ;
; A0         ; 6H3         ; 3.827 ; 3.827 ; 3.827 ; 3.827 ;
; A0         ; 6H4         ; 3.825 ;       ;       ; 3.825 ;
; A0         ; 6H5         ; 3.805 ;       ;       ; 3.805 ;
; A0         ; 6H6         ; 3.811 ;       ;       ; 3.811 ;
; A0         ; LED         ; 4.781 ;       ;       ; 4.781 ;
; A0         ; Q0          ; 4.212 ; 4.212 ; 4.212 ; 4.212 ;
; A0         ; Q1          ; 4.532 ; 4.532 ; 4.532 ; 4.532 ;
; A0         ; Q2          ; 4.543 ; 4.543 ; 4.543 ; 4.543 ;
; A0         ; Q3          ; 4.735 ; 4.735 ; 4.735 ; 4.735 ;
; A1         ; 0H0         ; 4.492 ; 4.492 ; 4.492 ; 4.492 ;
; A1         ; 0H1         ; 4.477 ; 4.477 ; 4.477 ; 4.477 ;
; A1         ; 0H2         ; 4.463 ; 4.463 ; 4.463 ; 4.463 ;
; A1         ; 0H3         ; 4.368 ; 4.368 ; 4.368 ; 4.368 ;
; A1         ; 0H4         ; 4.366 ; 4.366 ; 4.366 ; 4.366 ;
; A1         ; 0H5         ; 4.354 ; 4.354 ; 4.354 ; 4.354 ;
; A1         ; 0H6         ; 4.359 ; 4.359 ; 4.359 ; 4.359 ;
; A1         ; 1H1         ; 5.588 ; 5.588 ; 5.588 ; 5.588 ;
; A1         ; 1H2         ; 5.334 ; 5.334 ; 5.334 ; 5.334 ;
; A1         ; 6H0         ; 3.599 ; 3.599 ; 3.599 ; 3.599 ;
; A1         ; 6H1         ; 3.590 ; 3.590 ; 3.590 ; 3.590 ;
; A1         ; 6H2         ; 3.597 ; 3.597 ; 3.597 ; 3.597 ;
; A1         ; 6H3         ; 3.874 ; 3.874 ; 3.874 ; 3.874 ;
; A1         ; 6H4         ; 3.872 ; 3.872 ; 3.872 ; 3.872 ;
; A1         ; 6H5         ; 3.857 ; 3.857 ; 3.857 ; 3.857 ;
; A1         ; 6H6         ; 3.862 ; 3.862 ; 3.862 ; 3.862 ;
; A1         ; 7H1         ;       ; 3.830 ; 3.830 ;       ;
; A1         ; 7H2         ;       ; 3.800 ; 3.800 ;       ;
; A1         ; LED         ; 4.765 ;       ;       ; 4.765 ;
; A1         ; Q1          ; 4.411 ; 4.411 ; 4.411 ; 4.411 ;
; A1         ; Q2          ; 4.527 ; 4.527 ; 4.527 ; 4.527 ;
; A1         ; Q3          ; 4.719 ; 4.719 ; 4.719 ; 4.719 ;
; A2         ; 0H0         ; 4.365 ; 4.365 ; 4.365 ; 4.365 ;
; A2         ; 0H1         ; 4.350 ; 4.350 ; 4.350 ; 4.350 ;
; A2         ; 0H2         ; 4.336 ; 4.336 ; 4.336 ; 4.336 ;
; A2         ; 0H3         ; 4.241 ; 4.241 ; 4.241 ; 4.241 ;
; A2         ; 0H4         ; 4.239 ; 4.239 ; 4.239 ; 4.239 ;
; A2         ; 0H5         ; 4.227 ; 4.227 ; 4.227 ; 4.227 ;
; A2         ; 0H6         ; 4.232 ; 4.232 ; 4.232 ; 4.232 ;
; A2         ; 1H1         ; 5.461 ; 5.461 ; 5.461 ; 5.461 ;
; A2         ; 1H2         ; 5.207 ; 5.207 ; 5.207 ; 5.207 ;
; A2         ; 6H0         ; 3.500 ; 3.500 ; 3.500 ; 3.500 ;
; A2         ; 6H1         ; 3.515 ;       ;       ; 3.515 ;
; A2         ; 6H2         ; 3.499 ; 3.499 ; 3.499 ; 3.499 ;
; A2         ; 6H3         ; 3.777 ; 3.777 ; 3.777 ; 3.777 ;
; A2         ; 6H4         ; 3.775 ;       ;       ; 3.775 ;
; A2         ; 6H5         ; 3.756 ; 3.756 ; 3.756 ; 3.756 ;
; A2         ; 6H6         ; 3.764 ; 3.764 ; 3.764 ; 3.764 ;
; A2         ; 7H1         ;       ; 3.800 ; 3.800 ;       ;
; A2         ; 7H2         ;       ; 3.770 ; 3.770 ;       ;
; A2         ; LED         ; 4.741 ;       ;       ; 4.741 ;
; A2         ; Q2          ; 4.400 ; 4.400 ; 4.400 ; 4.400 ;
; A2         ; Q3          ; 4.695 ; 4.695 ; 4.695 ; 4.695 ;
; A3         ; 0H0         ; 4.853 ; 4.853 ; 4.853 ; 4.853 ;
; A3         ; 0H1         ; 4.815 ; 4.815 ; 4.815 ; 4.815 ;
; A3         ; 0H2         ; 4.827 ; 4.827 ; 4.827 ; 4.827 ;
; A3         ; 0H3         ; 4.730 ; 4.730 ; 4.730 ; 4.730 ;
; A3         ; 0H4         ; 4.729 ; 4.729 ; 4.729 ; 4.729 ;
; A3         ; 0H5         ; 4.718 ; 4.718 ; 4.718 ; 4.718 ;
; A3         ; 0H6         ; 4.711 ; 4.711 ; 4.711 ; 4.711 ;
; A3         ; 1H1         ; 5.960 ; 5.960 ; 5.960 ; 5.960 ;
; A3         ; 1H2         ; 5.706 ; 5.706 ; 5.706 ; 5.706 ;
; A3         ; 6H0         ; 3.523 ; 3.523 ; 3.523 ; 3.523 ;
; A3         ; 6H1         ; 3.514 ; 3.514 ; 3.514 ; 3.514 ;
; A3         ; 6H2         ; 3.522 ; 3.522 ; 3.522 ; 3.522 ;
; A3         ; 6H3         ; 3.798 ; 3.798 ; 3.798 ; 3.798 ;
; A3         ; 6H4         ; 3.796 ; 3.796 ; 3.796 ; 3.796 ;
; A3         ; 6H5         ; 3.777 ; 3.777 ; 3.777 ; 3.777 ;
; A3         ; 6H6         ; 3.786 ; 3.786 ; 3.786 ; 3.786 ;
; A3         ; 7H1         ;       ; 3.823 ; 3.823 ;       ;
; A3         ; 7H2         ;       ; 3.793 ; 3.793 ;       ;
; A3         ; LED         ; 4.529 ;       ;       ; 4.529 ;
; A3         ; Q3          ; 4.378 ; 4.378 ; 4.378 ; 4.378 ;
; B0         ; 0H0         ; 4.378 ; 4.378 ; 4.378 ; 4.378 ;
; B0         ; 0H1         ; 4.343 ; 4.343 ; 4.343 ; 4.343 ;
; B0         ; 0H2         ; 4.349 ; 4.349 ; 4.349 ; 4.349 ;
; B0         ; 0H3         ; 4.255 ; 4.255 ; 4.255 ; 4.255 ;
; B0         ; 0H4         ; 4.249 ; 4.249 ; 4.249 ; 4.249 ;
; B0         ; 0H5         ; 4.240 ; 4.240 ; 4.240 ; 4.240 ;
; B0         ; 0H6         ; 4.246 ; 4.246 ; 4.246 ; 4.246 ;
; B0         ; 1H1         ; 5.495 ; 5.495 ; 5.495 ; 5.495 ;
; B0         ; 1H2         ; 5.241 ; 5.241 ; 5.241 ; 5.241 ;
; B0         ; 4H0         ; 4.032 ; 4.032 ; 4.032 ; 4.032 ;
; B0         ; 4H1         ; 3.940 ; 3.940 ; 3.940 ; 3.940 ;
; B0         ; 4H2         ;       ; 3.841 ; 3.841 ;       ;
; B0         ; 4H3         ; 3.956 ; 3.956 ; 3.956 ; 3.956 ;
; B0         ; 4H4         ; 3.959 ;       ;       ; 3.959 ;
; B0         ; 4H5         ; 4.397 ;       ;       ; 4.397 ;
; B0         ; 4H6         ; 3.700 ;       ;       ; 3.700 ;
; B0         ; LED         ; 4.672 ;       ;       ; 4.672 ;
; B0         ; Q0          ; 4.098 ; 4.098 ; 4.098 ; 4.098 ;
; B0         ; Q1          ; 4.423 ; 4.423 ; 4.423 ; 4.423 ;
; B0         ; Q2          ; 4.434 ; 4.434 ; 4.434 ; 4.434 ;
; B0         ; Q3          ; 4.626 ; 4.626 ; 4.626 ; 4.626 ;
; B1         ; 0H0         ; 4.470 ; 4.470 ; 4.470 ; 4.470 ;
; B1         ; 0H1         ; 4.455 ; 4.455 ; 4.455 ; 4.455 ;
; B1         ; 0H2         ; 4.441 ; 4.441 ; 4.441 ; 4.441 ;
; B1         ; 0H3         ; 4.346 ; 4.346 ; 4.346 ; 4.346 ;
; B1         ; 0H4         ; 4.344 ; 4.344 ; 4.344 ; 4.344 ;
; B1         ; 0H5         ; 4.332 ; 4.332 ; 4.332 ; 4.332 ;
; B1         ; 0H6         ; 4.337 ; 4.337 ; 4.337 ; 4.337 ;
; B1         ; 1H1         ; 5.566 ; 5.566 ; 5.566 ; 5.566 ;
; B1         ; 1H2         ; 5.312 ; 5.312 ; 5.312 ; 5.312 ;
; B1         ; 4H0         ; 4.324 ; 4.324 ; 4.324 ; 4.324 ;
; B1         ; 4H1         ; 4.231 ; 4.231 ; 4.231 ; 4.231 ;
; B1         ; 4H2         ; 4.132 ; 4.132 ; 4.132 ; 4.132 ;
; B1         ; 4H3         ; 4.253 ; 4.253 ; 4.253 ; 4.253 ;
; B1         ; 4H4         ; 4.250 ; 4.250 ; 4.250 ; 4.250 ;
; B1         ; 4H5         ; 4.689 ; 4.689 ; 4.689 ; 4.689 ;
; B1         ; 4H6         ; 3.992 ; 3.992 ; 3.992 ; 3.992 ;
; B1         ; 5H1         ;       ; 4.196 ; 4.196 ;       ;
; B1         ; 5H2         ;       ; 4.196 ; 4.196 ;       ;
; B1         ; LED         ; 4.743 ;       ;       ; 4.743 ;
; B1         ; Q1          ; 4.391 ; 4.391 ; 4.391 ; 4.391 ;
; B1         ; Q2          ; 4.505 ; 4.505 ; 4.505 ; 4.505 ;
; B1         ; Q3          ; 4.697 ; 4.697 ; 4.697 ; 4.697 ;
; B2         ; 0H0         ; 4.138 ; 4.138 ; 4.138 ; 4.138 ;
; B2         ; 0H1         ; 4.123 ; 4.123 ; 4.123 ; 4.123 ;
; B2         ; 0H2         ; 4.109 ; 4.109 ; 4.109 ; 4.109 ;
; B2         ; 0H3         ; 4.014 ; 4.014 ; 4.014 ; 4.014 ;
; B2         ; 0H4         ; 4.012 ; 4.012 ; 4.012 ; 4.012 ;
; B2         ; 0H5         ; 4.000 ; 4.000 ; 4.000 ; 4.000 ;
; B2         ; 0H6         ; 4.005 ; 4.005 ; 4.005 ; 4.005 ;
; B2         ; 1H1         ; 5.234 ; 5.234 ; 5.234 ; 5.234 ;
; B2         ; 1H2         ; 4.980 ; 4.980 ; 4.980 ; 4.980 ;
; B2         ; 4H0         ; 4.015 ; 4.015 ; 4.015 ; 4.015 ;
; B2         ; 4H1         ; 3.918 ;       ;       ; 3.918 ;
; B2         ; 4H2         ; 3.809 ; 3.809 ; 3.809 ; 3.809 ;
; B2         ; 4H3         ; 3.945 ; 3.945 ; 3.945 ; 3.945 ;
; B2         ; 4H4         ; 3.931 ;       ;       ; 3.931 ;
; B2         ; 4H5         ; 4.381 ; 4.381 ; 4.381 ; 4.381 ;
; B2         ; 4H6         ; 3.680 ; 3.680 ; 3.680 ; 3.680 ;
; B2         ; 5H1         ;       ; 4.014 ; 4.014 ;       ;
; B2         ; 5H2         ;       ; 4.014 ; 4.014 ;       ;
; B2         ; LED         ; 4.516 ;       ;       ; 4.516 ;
; B2         ; Q2          ; 4.173 ; 4.173 ; 4.173 ; 4.173 ;
; B2         ; Q3          ; 4.470 ; 4.470 ; 4.470 ; 4.470 ;
; B3         ; 0H0         ; 5.115 ; 5.115 ; 5.115 ; 5.115 ;
; B3         ; 0H1         ; 5.077 ; 5.077 ; 5.077 ; 5.077 ;
; B3         ; 0H2         ; 5.089 ; 5.089 ; 5.089 ; 5.089 ;
; B3         ; 0H3         ; 4.992 ; 4.992 ; 4.992 ; 4.992 ;
; B3         ; 0H4         ; 4.991 ; 4.991 ; 4.991 ; 4.991 ;
; B3         ; 0H5         ; 4.980 ; 4.980 ; 4.980 ; 4.980 ;
; B3         ; 0H6         ; 4.973 ; 4.973 ; 4.973 ; 4.973 ;
; B3         ; 1H1         ; 6.222 ; 6.222 ; 6.222 ; 6.222 ;
; B3         ; 1H2         ; 5.968 ; 5.968 ; 5.968 ; 5.968 ;
; B3         ; 4H0         ; 4.388 ; 4.388 ; 4.388 ; 4.388 ;
; B3         ; 4H1         ; 4.293 ; 4.293 ; 4.293 ; 4.293 ;
; B3         ; 4H2         ; 4.193 ; 4.193 ; 4.193 ; 4.193 ;
; B3         ; 4H3         ; 4.316 ; 4.316 ; 4.316 ; 4.316 ;
; B3         ; 4H4         ; 4.312 ; 4.312 ; 4.312 ; 4.312 ;
; B3         ; 4H5         ; 4.752 ; 4.752 ; 4.752 ; 4.752 ;
; B3         ; 4H6         ; 4.055 ; 4.055 ; 4.055 ; 4.055 ;
; B3         ; 5H1         ;       ; 4.387 ; 4.387 ;       ;
; B3         ; 5H2         ;       ; 4.387 ; 4.387 ;       ;
; B3         ; LED         ; 4.789 ;       ;       ; 4.789 ;
; B3         ; Q3          ; 4.640 ; 4.640 ; 4.640 ; 4.640 ;
+------------+-------------+-------+-------+-------+-------+


-------------------
; Clock Transfers ;
-------------------
Nothing to report.


---------------
; Report TCCS ;
---------------
No dedicated SERDES Transmitter circuitry present in device or used in design


---------------
; Report RSKM ;
---------------
No dedicated SERDES Receiver circuitry present in device or used in design


+------------------------------------------------+
; Unconstrained Paths                            ;
+---------------------------------+-------+------+
; Property                        ; Setup ; Hold ;
+---------------------------------+-------+------+
; Illegal Clocks                  ; 0     ; 0    ;
; Unconstrained Clocks            ; 0     ; 0    ;
; Unconstrained Input Ports       ; 8     ; 8    ;
; Unconstrained Input Port Paths  ; 168   ; 168  ;
; Unconstrained Output Ports      ; 32    ; 32   ;
; Unconstrained Output Port Paths ; 168   ; 168  ;
+---------------------------------+-------+------+


+------------------------------------+
; TimeQuest Timing Analyzer Messages ;
+------------------------------------+
Info: *******************************************************************
Info: Running Quartus II 64-Bit TimeQuest Timing Analyzer
    Info: Version 13.0.1 Build 232 06/12/2013 Service Pack 1 SJ Full Version
    Info: Processing started: Thu Feb 16 18:57:49 2017
Info: Command: quartus_sta Lab2_redux -c Lab2_redux
Info: qsta_default_script.tcl version: #1
Info (20030): Parallel compilation is enabled and will use 4 of the 4 processors detected
Critical Warning (332012): Synopsys Design Constraints File file not found: 'Lab2_redux.sdc'. A Synopsys Design Constraints File is required by the TimeQuest Timing Analyzer to get proper timing constraints. Without it, the Compiler will not properly optimize the design.
Info (332142): No user constrained base clocks found in the design. Calling "derive_clocks -period 1.0"
Info (332096): The command derive_clocks did not find any clocks to derive.  No clocks were created or changed.
Warning (332068): No clocks defined in design.
Info: Found TIMEQUEST_REPORT_SCRIPT_INCLUDE_DEFAULT_ANALYSIS = ON
Info (332159): No clocks to report
Info: Analyzing Slow Model
Info (332140): No fmax paths to report
Info (332140): No Setup paths to report
Info (332140): No Hold paths to report
Info (332140): No Recovery paths to report
Info (332140): No Removal paths to report
Info (332140): No Minimum Pulse Width paths to report
Info (332001): The selected device family is not supported by the report_metastability command.
Info: Analyzing Fast Model
Info (332142): No user constrained base clocks found in the design. Calling "derive_clocks -period 1.0"
Info (332096): The command derive_clocks did not find any clocks to derive.  No clocks were created or changed.
Warning (332068): No clocks defined in design.
Info (332140): No Setup paths to report
Info (332140): No Hold paths to report
Info (332140): No Recovery paths to report
Info (332140): No Removal paths to report
Info (332140): No Minimum Pulse Width paths to report
Info (332001): The selected device family is not supported by the report_metastability command.
Info (332102): Design is not fully constrained for setup requirements
Info (332102): Design is not fully constrained for hold requirements
Info: Quartus II 64-Bit TimeQuest Timing Analyzer was successful. 0 errors, 3 warnings
    Info: Peak virtual memory: 429 megabytes
    Info: Processing ended: Thu Feb 16 18:57:50 2017
    Info: Elapsed time: 00:00:01
    Info: Total CPU time (on all processors): 00:00:01


